Archive member included to satisfy reference by file (symbol)

/usr/lib/gcc/arm-none-eabi/5.4.1/libgcc.a(_udivsi3.o)
                              ./conversion.o (__aeabi_uidiv)
/usr/lib/gcc/arm-none-eabi/5.4.1/libgcc.a(_dvmd_tls.o)
                              /usr/lib/gcc/arm-none-eabi/5.4.1/libgcc.a(_udivsi3.o) (__aeabi_idiv0)
/usr/lib/gcc/arm-none-eabi/5.4.1/../../../arm-none-eabi/lib/libg.a(lib_a-atexit.o)
                              /usr/lib/gcc/arm-none-eabi/5.4.1/../../../arm-none-eabi/lib/crt0.o (atexit)
/usr/lib/gcc/arm-none-eabi/5.4.1/../../../arm-none-eabi/lib/libg.a(lib_a-exit.o)
                              /usr/lib/gcc/arm-none-eabi/5.4.1/../../../arm-none-eabi/lib/crt0.o (exit)
/usr/lib/gcc/arm-none-eabi/5.4.1/../../../arm-none-eabi/lib/libg.a(lib_a-fini.o)
                              /usr/lib/gcc/arm-none-eabi/5.4.1/../../../arm-none-eabi/lib/crt0.o (__libc_fini_array)
/usr/lib/gcc/arm-none-eabi/5.4.1/../../../arm-none-eabi/lib/libg.a(lib_a-impure.o)
                              /usr/lib/gcc/arm-none-eabi/5.4.1/../../../arm-none-eabi/lib/libg.a(lib_a-exit.o) (_global_impure_ptr)
/usr/lib/gcc/arm-none-eabi/5.4.1/../../../arm-none-eabi/lib/libg.a(lib_a-init.o)
                              /usr/lib/gcc/arm-none-eabi/5.4.1/../../../arm-none-eabi/lib/crt0.o (__libc_init_array)
/usr/lib/gcc/arm-none-eabi/5.4.1/../../../arm-none-eabi/lib/libg.a(lib_a-malloc.o)
                              ./memory.o (malloc)
/usr/lib/gcc/arm-none-eabi/5.4.1/../../../arm-none-eabi/lib/libg.a(lib_a-mallocr.o)
                              /usr/lib/gcc/arm-none-eabi/5.4.1/../../../arm-none-eabi/lib/libg.a(lib_a-malloc.o) (_malloc_r)
/usr/lib/gcc/arm-none-eabi/5.4.1/../../../arm-none-eabi/lib/libg.a(lib_a-memcpy-stub.o)
                              ./project1.o (memcpy)
/usr/lib/gcc/arm-none-eabi/5.4.1/../../../arm-none-eabi/lib/libg.a(lib_a-memset.o)
                              /usr/lib/gcc/arm-none-eabi/5.4.1/../../../arm-none-eabi/lib/crt0.o (memset)
/usr/lib/gcc/arm-none-eabi/5.4.1/../../../arm-none-eabi/lib/libg.a(lib_a-mlock.o)
                              /usr/lib/gcc/arm-none-eabi/5.4.1/../../../arm-none-eabi/lib/libg.a(lib_a-mallocr.o) (__malloc_lock)
/usr/lib/gcc/arm-none-eabi/5.4.1/../../../arm-none-eabi/lib/libg.a(lib_a-printf.o)
                              ./debug.o (printf)
/usr/lib/gcc/arm-none-eabi/5.4.1/../../../arm-none-eabi/lib/libg.a(lib_a-puts.o)
                              ./project1.o (puts)
/usr/lib/gcc/arm-none-eabi/5.4.1/../../../arm-none-eabi/lib/libg.a(lib_a-sbrkr.o)
                              /usr/lib/gcc/arm-none-eabi/5.4.1/../../../arm-none-eabi/lib/libg.a(lib_a-mallocr.o) (_sbrk_r)
/usr/lib/gcc/arm-none-eabi/5.4.1/../../../arm-none-eabi/lib/libg.a(lib_a-strlen-stub.o)
                              /usr/lib/gcc/arm-none-eabi/5.4.1/../../../arm-none-eabi/lib/libg.a(lib_a-puts.o) (strlen)
/usr/lib/gcc/arm-none-eabi/5.4.1/../../../arm-none-eabi/lib/libg.a(lib_a-vfprintf.o)
                              /usr/lib/gcc/arm-none-eabi/5.4.1/../../../arm-none-eabi/lib/libg.a(lib_a-printf.o) (_vfprintf_r)
/usr/lib/gcc/arm-none-eabi/5.4.1/../../../arm-none-eabi/lib/libg.a(lib_a-wsetup.o)
                              /usr/lib/gcc/arm-none-eabi/5.4.1/../../../arm-none-eabi/lib/libg.a(lib_a-vfprintf.o) (__swsetup_r)
/usr/lib/gcc/arm-none-eabi/5.4.1/../../../arm-none-eabi/lib/libg.a(lib_a-__atexit.o)
                              /usr/lib/gcc/arm-none-eabi/5.4.1/../../../arm-none-eabi/lib/libg.a(lib_a-atexit.o) (__register_exitproc)
/usr/lib/gcc/arm-none-eabi/5.4.1/../../../arm-none-eabi/lib/libg.a(lib_a-__call_atexit.o)
                              /usr/lib/gcc/arm-none-eabi/5.4.1/../../../arm-none-eabi/lib/libg.a(lib_a-exit.o) (__call_exitprocs)
/usr/lib/gcc/arm-none-eabi/5.4.1/../../../arm-none-eabi/lib/libg.a(lib_a-dtoa.o)
                              /usr/lib/gcc/arm-none-eabi/5.4.1/../../../arm-none-eabi/lib/libg.a(lib_a-vfprintf.o) (_dtoa_r)
/usr/lib/gcc/arm-none-eabi/5.4.1/../../../arm-none-eabi/lib/libg.a(lib_a-fflush.o)
                              /usr/lib/gcc/arm-none-eabi/5.4.1/../../../arm-none-eabi/lib/libg.a(lib_a-vfprintf.o) (_fflush_r)
/usr/lib/gcc/arm-none-eabi/5.4.1/../../../arm-none-eabi/lib/libg.a(lib_a-findfp.o)
                              /usr/lib/gcc/arm-none-eabi/5.4.1/../../../arm-none-eabi/lib/libg.a(lib_a-puts.o) (__sinit)
/usr/lib/gcc/arm-none-eabi/5.4.1/../../../arm-none-eabi/lib/libg.a(lib_a-freer.o)
                              /usr/lib/gcc/arm-none-eabi/5.4.1/../../../arm-none-eabi/lib/libg.a(lib_a-malloc.o) (_free_r)
/usr/lib/gcc/arm-none-eabi/5.4.1/../../../arm-none-eabi/lib/libg.a(lib_a-fvwrite.o)
                              /usr/lib/gcc/arm-none-eabi/5.4.1/../../../arm-none-eabi/lib/libg.a(lib_a-puts.o) (__sfvwrite_r)
/usr/lib/gcc/arm-none-eabi/5.4.1/../../../arm-none-eabi/lib/libg.a(lib_a-fwalk.o)
                              /usr/lib/gcc/arm-none-eabi/5.4.1/../../../arm-none-eabi/lib/libg.a(lib_a-findfp.o) (_fwalk)
[...]
Memory Configuration

Name             Origin             Length             Attributes
m_interrupts     0x0000000000000000 0x0000000000000100 xr
m_flash_config   0x0000000000000400 0x0000000000000010 xr
m_text           0x0000000000000410 0x000000000001fbf0 xr
m_data           0x000000001ffff000 0x0000000000004000 rw
*default*        0x0000000000000000 0xffffffffffffffff

Linker script and memory map

LOAD /usr/lib/gcc/arm-none-eabi/5.4.1/crti.o
LOAD /usr/lib/gcc/arm-none-eabi/5.4.1/crtbegin.o
LOAD /usr/lib/gcc/arm-none-eabi/5.4.1/../../../arm-none-eabi/lib/crt0.o
LOAD ./conversion.o
LOAD ./debug.o
LOAD ./memory.o
LOAD ./main.o
LOAD ./project1.o
LOAD ./system_MKL25Z4.o
LOAD ./startup_MKL25Z4.o
START GROUP
LOAD /usr/lib/gcc/arm-none-eabi/5.4.1/libgcc.a
LOAD /usr/lib/gcc/arm-none-eabi/5.4.1/../../../arm-none-eabi/lib/libg.a
LOAD /usr/lib/gcc/arm-none-eabi/5.4.1/../../../arm-none-eabi/lib/libc.a
END GROUP
LOAD /usr/lib/gcc/arm-none-eabi/5.4.1/crtend.o
LOAD /usr/lib/gcc/arm-none-eabi/5.4.1/crtn.o
                0x0000000000000400                HEAP_SIZE = DEFINED (__heap_size__)?__heap_size__:0x400
                0x0000000000000400                STACK_SIZE = DEFINED (__stack_size__)?__stack_size__:0x400
                0x0000000000000200                //BUFFER_SIZE = DEFINED (__buffer_size__)?__buffer_size__:0x200

.interrupts     0x0000000000000000       0xc0
                0x0000000000000000                __VECTOR_TABLE = .
                0x0000000000000000                . = ALIGN (0x4)
 *(.isr_vector)
 .isr_vector    0x0000000000000000       0xc0 ./startup_MKL25Z4.o
                0x0000000000000000                __isr_vector
                0x00000000000000c0                . = ALIGN (0x4)

.flash_config   0x0000000000000400       0x10
                0x0000000000000400                . = ALIGN (0x4)
 *(.FlashConfig)
 .FlashConfig   0x0000000000000400       0x10 ./startup_MKL25Z4.o
                0x0000000000000410                . = ALIGN (0x4)

.text           0x0000000000000410     0xbbe8
                0x0000000000000410                . = ALIGN (0x4)
 *(.text)
 .text          0x0000000000000410        0x0 /usr/lib/gcc/arm-none-eabi/5.4.1/crti.o
 .text          0x0000000000000410      0x108 /usr/lib/gcc/arm-none-eabi/5.4.1/crtbegin.o
 .text          0x0000000000000518      0x104 /usr/lib/gcc/arm-none-eabi/5.4.1/../../../arm-none-eabi/lib/crt0.o
                0x0000000000000518                _mainCRTStartup
                0x0000000000000518                _start
 .text          0x000000000000061c      0x3a4 ./conversion.o
                0x000000000000061c                my_itoa
                0x00000000000007b4                my_atoi
                0x0000000000000898                little_to_big32
                0x000000000000092c                big_to_little32
 .text          0x00000000000009c0       0x20 ./debug.o
                0x00000000000009c0                print_memory
 .text          0x00000000000009e0      0x284 ./memory.o
                0x00000000000009e0                my_memmove
                0x0000000000000ab0                my_memcpy
                0x0000000000000b04                my_memset
                0x0000000000000b58                my_memzero
                0x0000000000000ba0                my_reverse
                0x0000000000000c2c                reserve_words
                0x0000000000000c4c                free_words
 .text          0x0000000000000c64       0x10 ./main.o
                0x0000000000000c64                main
 .text          0x0000000000000c74      0x760 ./project1.o
                0x0000000000000c74                test_data1
                0x0000000000000ce4                test_data2
                0x0000000000000d54                test_memmove1
                0x0000000000000e3c                test_memmove2
                0x0000000000000f24                test_memmove3
                0x000000000000100c                test_memcpy
                0x00000000000010f4                test_memset
                0x0000000000001204                test_reverse
                0x00000000000012d0                project1
 .text          0x00000000000013d4      0x258 ./system_MKL25Z4.o
                0x00000000000013d4                SystemInit
                0x00000000000013ec                SystemCoreClockUpdate
 .text          0x000000000000162c       0x34 ./startup_MKL25Z4.o
                0x000000000000162c                Reset_Handler
                0x0000000000001658                I2C0_IRQHandler
                0x0000000000001658                HardFault_Handler
                0x0000000000001658                SysTick_Handler
                0x0000000000001658                PendSV_Handler
                0x0000000000001658                NMI_Handler
                0x0000000000001658                I2C1_IRQHandler
                0x0000000000001658                UART1_IRQHandler
                0x0000000000001658                DMA2_IRQHandler
                0x0000000000001658                TPM0_IRQHandler
                0x0000000000001658                LLWU_IRQHandler
                0x0000000000001658                TSI0_IRQHandler
                0x0000000000001658                UART0_IRQHandler
                0x0000000000001658                ADC0_IRQHandler
                0x0000000000001658                Reserved39_IRQHandler
                0x0000000000001658                SPI1_IRQHandler
                0x0000000000001658                DefaultISR
                0x0000000000001658                PORTD_IRQHandler
                0x0000000000001658                TPM2_IRQHandler
                0x0000000000001658                RTC_IRQHandler
                0x0000000000001658                RTC_Seconds_IRQHandler
                0x0000000000001658                MCG_IRQHandler
                0x0000000000001658                UART2_IRQHandler
                0x0000000000001658                Reserved20_IRQHandler
                0x0000000000001658                USB0_IRQHandler
                0x0000000000001658                PIT_IRQHandler
                0x0000000000001658                SVC_Handler
                0x0000000000001658                DMA3_IRQHandler
                0x0000000000001658                DMA0_IRQHandler
                0x0000000000001658                DAC0_IRQHandler
                0x0000000000001658                Reserved45_IRQHandler
                0x0000000000001658                TPM1_IRQHandler
                0x0000000000001658                LVD_LVW_IRQHandler
                0x0000000000001658                SPI0_IRQHandler
                0x0000000000001658                PORTA_IRQHandler
                0x0000000000001658                FTFA_IRQHandler
                0x0000000000001658                LPTMR0_IRQHandler
                0x0000000000001658                CMP0_IRQHandler
                0x0000000000001658                DMA1_IRQHandler
 .text          0x0000000000001660      0x114 /usr/lib/gcc/arm-none-eabi/5.4.1/libgcc.a(_udivsi3.o)
                0x0000000000001660                __udivsi3
                0x0000000000001660                __aeabi_uidiv
                0x0000000000001754                __aeabi_uidivmod
 .text          0x0000000000001774        0x4 /usr/lib/gcc/arm-none-eabi/5.4.1/libgcc.a(_dvmd_tls.o)
                0x0000000000001774                __aeabi_ldiv0
                0x0000000000001774                __aeabi_idiv0
 .text          0x0000000000001778       0x20 /usr/lib/gcc/arm-none-eabi/5.4.1/../../../arm-none-eabi/lib/libg.a(lib_a-atexit.o)
                0x0000000000001778                atexit
 .text          0x0000000000001798       0x34 /usr/lib/gcc/arm-none-eabi/5.4.1/../../../arm-none-eabi/lib/libg.a(lib_a-exit.o)
                0x0000000000001798                exit
 .text          0x00000000000017cc       0x44 /usr/lib/gcc/arm-none-eabi/5.4.1/../../../arm-none-eabi/lib/libg.a(lib_a-fini.o)
                0x00000000000017cc                __libc_fini_array
 .text          0x0000000000001810        0x0 /usr/lib/gcc/arm-none-eabi/5.4.1/../../../arm-none-eabi/lib/libg.a(lib_a-impure.o)
 .text          0x0000000000001810       0x80 /usr/lib/gcc/arm-none-eabi/5.4.1/../../../arm-none-eabi/lib/libg.a(lib_a-init.o)
                0x0000000000001810                __libc_init_array
 .text          0x0000000000001890       0x40 /usr/lib/gcc/arm-none-eabi/5.4.1/../../../arm-none-eabi/lib/libg.a(lib_a-malloc.o)
                0x0000000000001890                malloc
                0x00000000000018b0                free
 .text          0x00000000000018d0      0x778 /usr/lib/gcc/arm-none-eabi/5.4.1/../../../arm-none-eabi/lib/libg.a(lib_a-mallocr.o)
                0x00000000000018d0                _malloc_r
 .text          0x0000000000002048       0xf0 /usr/lib/gcc/arm-none-eabi/5.4.1/../../../arm-none-eabi/lib/libg.a(lib_a-memcpy-stub.o)
                0x0000000000002048                memcpy
 .text          0x0000000000002138       0xf4 /usr/lib/gcc/arm-none-eabi/5.4.1/../../../arm-none-eabi/lib/libg.a(lib_a-memset.o)
                0x0000000000002138                memset
 .text          0x000000000000222c        0x8 /usr/lib/gcc/arm-none-eabi/5.4.1/../../../arm-none-eabi/lib/libg.a(lib_a-mlock.o)
                0x000000000000222c                __malloc_lock
                0x0000000000002230                __malloc_unlock
 .text          0x0000000000002234       0x74 /usr/lib/gcc/arm-none-eabi/5.4.1/../../../arm-none-eabi/lib/libg.a(lib_a-printf.o)
                0x0000000000002234                _printf_r
                0x0000000000002268                printf
 .text          0x00000000000022a8       0xc0 /usr/lib/gcc/arm-none-eabi/5.4.1/../../../arm-none-eabi/lib/libg.a(lib_a-puts.o)
                0x00000000000022a8                _puts_r
                0x0000000000002354                puts
 .text          0x0000000000002368       0x44 /usr/lib/gcc/arm-none-eabi/5.4.1/../../../arm-none-eabi/lib/libg.a(lib_a-sbrkr.o)
                0x0000000000002368                _sbrk_r
 .text          0x00000000000023ac       0x60 /usr/lib/gcc/arm-none-eabi/5.4.1/../../../arm-none-eabi/lib/libg.a(lib_a-strlen-stub.o)
                0x00000000000023ac                strlen
 .text          0x000000000000240c     0x239c /usr/lib/gcc/arm-none-eabi/5.4.1/../../../arm-none-eabi/lib/libg.a(lib_a-vfprintf.o)
                0x000000000000240c                _vfprintf_r
                0x00000000000046e0                vfprintf
 .text          0x00000000000047a8      0x164 /usr/lib/gcc/arm-none-eabi/5.4.1/../../../arm-none-eabi/lib/libg.a(lib_a-wsetup.o)
                0x00000000000047a8                __swsetup_r
 .text          0x000000000000490c       0xe0 /usr/lib/gcc/arm-none-eabi/5.4.1/../../../arm-none-eabi/lib/libg.a(lib_a-__atexit.o)
                0x000000000000490c                __register_exitproc
 .text          0x00000000000049ec      0x170 /usr/lib/gcc/arm-none-eabi/5.4.1/../../../arm-none-eabi/lib/libg.a(lib_a-__call_atexit.o)
                0x00000000000049ec                __call_exitprocs
 *fill*         0x0000000000004b5c        0x4 
 .text          0x0000000000004b60     0x18b8 /usr/lib/gcc/arm-none-eabi/5.4.1/../../../arm-none-eabi/lib/libg.a(lib_a-dtoa.o)
                0x0000000000004d38                _dtoa_r
 .text          0x0000000000006418      0x2cc /usr/lib/gcc/arm-none-eabi/5.4.1/../../../arm-none-eabi/lib/libg.a(lib_a-fflush.o)
                0x0000000000006418                __sflush_r
                0x0000000000006658                _fflush_r
                0x00000000000066ac                fflush
 .text          0x00000000000066e4      0x350 /usr/lib/gcc/arm-none-eabi/5.4.1/../../../arm-none-eabi/lib/libg.a(lib_a-findfp.o)
                0x00000000000066ec                _cleanup_r
                0x000000000000686c                __sfmoreglue
                0x00000000000068bc                __sfp
                0x00000000000069a8                _cleanup
                0x00000000000069cc                __sinit
                0x00000000000069dc                __sfp_lock_acquire
                0x00000000000069e0                __sfp_lock_release
                0x00000000000069e4                __sinit_lock_acquire
                0x00000000000069e8                __sinit_lock_release
                0x00000000000069ec                __fp_lock_all
                0x0000000000006a10                __fp_unlock_all
 .text          0x0000000000006a34      0x3ec /usr/lib/gcc/arm-none-eabi/5.4.1/../../../arm-none-eabi/lib/libg.a(lib_a-freer.o)
                0x0000000000006a34                _malloc_trim_r
                0x0000000000006b34                _free_r
 .text          0x0000000000006e20      0x4c8 /usr/lib/gcc/arm-none-eabi/5.4.1/../../../arm-none-eabi/lib/libg.a(lib_a-fvwrite.o)
                0x0000000000006e20                __sfvwrite_r
 .text          0x00000000000072e8      0x110 /usr/lib/gcc/arm-none-eabi/5.4.1/../../../arm-none-eabi/lib/libg.a(lib_a-fwalk.o)
                0x00000000000072e8                _fwalk
                0x000000000000736c                _fwalk_reent
 .text          0x00000000000073f8       0xd4 /usr/lib/gcc/arm-none-eabi/5.4.1/../../../arm-none-eabi/lib/libg.a(lib_a-locale.o)
                0x00000000000073f8                _setlocale_r
                0x000000000000746c                __locale_charset
                0x0000000000007478                __locale_mb_cur_max
                0x0000000000007488                __locale_msgcharset
                0x0000000000007494                __locale_cjk_lang
                0x000000000000749c                _localeconv_r
                0x00000000000074a8                setlocale
                0x00000000000074c0                localeconv
 .text          0x00000000000074cc      0x17c /usr/lib/gcc/arm-none-eabi/5.4.1/../../../arm-none-eabi/lib/libg.a(lib_a-makebuf.o)
                0x00000000000074cc                __swhatbuf_r
                0x0000000000007560                __smakebuf_r
 .text          0x0000000000007648      0x114 /usr/lib/gcc/arm-none-eabi/5.4.1/../../../arm-none-eabi/lib/libg.a(lib_a-memchr-stub.o)
                0x0000000000007648                memchr
 .text          0x000000000000775c      0x12c /usr/lib/gcc/arm-none-eabi/5.4.1/../../../arm-none-eabi/lib/libg.a(lib_a-memmove.o)
                0x000000000000775c                memmove
 .text          0x0000000000007888      0xdcc /usr/lib/gcc/arm-none-eabi/5.4.1/../../../arm-none-eabi/lib/libg.a(lib_a-mprec.o)
                0x0000000000007888                _Balloc
                0x0000000000007918                _Bfree
                0x0000000000007934                __multadd
                0x0000000000007a10                __s2b
                0x0000000000007af8                __hi0bits
                0x0000000000007b54                __lo0bits
                0x0000000000007be8                __i2b
                0x0000000000007c0c                __multiply
                0x0000000000007dfc                __pow5mult
                0x0000000000007f00                __lshift
                0x0000000000007ff4                __mcmp
                0x0000000000008058                __mdiff
                0x0000000000008208                __ulp
                0x0000000000008270                __b2d
                0x0000000000008368                __d2b
                0x0000000000008474                __ratio
                0x000000000000850c                _mprec_log10
                0x0000000000008564                __copybits
                0x00000000000085d4                __any_on
 .text          0x0000000000008654      0x580 /usr/lib/gcc/arm-none-eabi/5.4.1/../../../arm-none-eabi/lib/libg.a(lib_a-reallocr.o)
                0x0000000000008654                _realloc_r
 .text          0x0000000000008bd4      0x120 /usr/lib/gcc/arm-none-eabi/5.4.1/../../../arm-none-eabi/lib/libg.a(lib_a-reent.o)
                0x0000000000008bd4                cleanup_glue
                0x0000000000008c00                _reclaim_reent
 .text          0x0000000000008cf4       0xd8 /usr/lib/gcc/arm-none-eabi/5.4.1/../../../arm-none-eabi/lib/libg.a(lib_a-stdio.o)
                0x0000000000008cf4                __sread
                0x0000000000008d28                __seofread
                0x0000000000008d30                __swrite
                0x0000000000008d88                __sseek
                0x0000000000008db8                __sclose
 .text          0x0000000000008dcc      0x224 /usr/lib/gcc/arm-none-eabi/5.4.1/../../../arm-none-eabi/lib/libg.a(lib_a-strcmp.o)
                0x0000000000008dcc                strcmp
 .text          0x0000000000008ff0     0x16ec /usr/lib/gcc/arm-none-eabi/5.4.1/../../../arm-none-eabi/lib/libg.a(lib_a-vfiprintf.o)
                0x000000000000909c                __sprint_r
                0x00000000000090b4                _vfiprintf_r
                0x000000000000a614                vfiprintf
 .text          0x000000000000a6dc       0x48 /usr/lib/gcc/arm-none-eabi/5.4.1/../../../arm-none-eabi/lib/libg.a(lib_a-writer.o)
                0x000000000000a6dc                _write_r
 .text          0x000000000000a724       0x98 /usr/lib/gcc/arm-none-eabi/5.4.1/../../../arm-none-eabi/lib/libg.a(lib_a-callocr.o)
                0x000000000000a724                _calloc_r
 .text          0x000000000000a7bc       0x3c /usr/lib/gcc/arm-none-eabi/5.4.1/../../../arm-none-eabi/lib/libg.a(lib_a-closer.o)
                0x000000000000a7bc                _close_r
 .text          0x000000000000a7f8      0x110 /usr/lib/gcc/arm-none-eabi/5.4.1/../../../arm-none-eabi/lib/libg.a(lib_a-fclose.o)
                0x000000000000a7f8                _fclose_r
                0x000000000000a8f4                fclose
 .text          0x000000000000a908      0x198 /usr/lib/gcc/arm-none-eabi/5.4.1/../../../arm-none-eabi/lib/libg.a(lib_a-fputwc.o)
                0x000000000000a908                __fputwc
                0x000000000000aa18                _fputwc_r
                0x000000000000aa38                fputwc
 .text          0x000000000000aaa0       0x44 /usr/lib/gcc/arm-none-eabi/5.4.1/../../../arm-none-eabi/lib/libg.a(lib_a-fstatr.o)
                0x000000000000aaa0                _fstat_r
 .text          0x000000000000aae4       0x3c /usr/lib/gcc/arm-none-eabi/5.4.1/../../../arm-none-eabi/lib/libg.a(lib_a-isattyr.o)
                0x000000000000aae4                _isatty_r
 .text          0x000000000000ab20       0x48 /usr/lib/gcc/arm-none-eabi/5.4.1/../../../arm-none-eabi/lib/libg.a(lib_a-lseekr.o)
                0x000000000000ab20                _lseek_r
 .text          0x000000000000ab68       0x48 /usr/lib/gcc/arm-none-eabi/5.4.1/../../../arm-none-eabi/lib/libg.a(lib_a-readr.o)
                0x000000000000ab68                _read_r
 .text          0x000000000000abb0      0x148 /usr/lib/gcc/arm-none-eabi/5.4.1/../../../arm-none-eabi/lib/libg.a(lib_a-wbuf.o)
                0x000000000000abb0                __swbuf_r
                0x000000000000ace0                __swbuf
 .text          0x000000000000acf8      0x130 /usr/lib/gcc/arm-none-eabi/5.4.1/../../../arm-none-eabi/lib/libg.a(lib_a-wcrtomb.o)
                0x000000000000acf8                _wcrtomb_r
                0x000000000000ad8c                wcrtomb
 .text          0x000000000000ae28       0x78 /usr/lib/gcc/arm-none-eabi/5.4.1/../../../arm-none-eabi/lib/libg.a(lib_a-wctomb_r.o)
                0x000000000000ae28                __ascii_wctomb
                0x000000000000ae50                _wctomb_r
 .text          0x000000000000aea0      0x148 /usr/lib/gcc/arm-none-eabi/5.4.1/libgcc.a(_divsi3.o)
                0x000000000000aea0                __aeabi_idiv
                0x000000000000aea0                __divsi3
                0x000000000000afc8                __aeabi_idivmod
 .text          0x000000000000afe8      0x41c /usr/lib/gcc/arm-none-eabi/5.4.1/libgcc.a(_arm_addsubdf3.o)
                0x000000000000afe8                __aeabi_drsub
                0x000000000000aff0                __aeabi_dsub
                0x000000000000aff0                __subdf3
                0x000000000000aff4                __adddf3
                0x000000000000aff4                __aeabi_dadd
                0x000000000000b304                __aeabi_ui2d
                0x000000000000b304                __floatunsidf
                0x000000000000b328                __floatsidf
                0x000000000000b328                __aeabi_i2d
                0x000000000000b350                __extendsfdf2
                0x000000000000b350                __aeabi_f2d
                0x000000000000b390                __aeabi_ul2d
                0x000000000000b390                __floatundidf
                0x000000000000b3a4                __floatdidf
                0x000000000000b3a4                __aeabi_l2d
 .text          0x000000000000b404      0x49c /usr/lib/gcc/arm-none-eabi/5.4.1/libgcc.a(_arm_muldivdf3.o)
                0x000000000000b404                __aeabi_dmul
                0x000000000000b404                __muldf3
                0x000000000000b694                __aeabi_ddiv
                0x000000000000b694                __divdf3
 .text          0x000000000000b8a0      0x144 /usr/lib/gcc/arm-none-eabi/5.4.1/libgcc.a(_arm_cmpdf2.o)
                0x000000000000b8a0                __gtdf2
                0x000000000000b8a0                __gedf2
                0x000000000000b8a8                __ltdf2
                0x000000000000b8a8                __ledf2
                0x000000000000b8b0                __cmpdf2
                0x000000000000b8b0                __eqdf2
                0x000000000000b8b0                __nedf2
                0x000000000000b938                __aeabi_cdrcmple
                0x000000000000b954                __aeabi_cdcmple
                0x000000000000b954                __aeabi_cdcmpeq
                0x000000000000b96c                __aeabi_dcmpeq
                0x000000000000b984                __aeabi_dcmplt
                0x000000000000b99c                __aeabi_dcmple
                0x000000000000b9b4                __aeabi_dcmpge
                0x000000000000b9cc                __aeabi_dcmpgt
 .text          0x000000000000b9e4       0x38 /usr/lib/gcc/arm-none-eabi/5.4.1/libgcc.a(_arm_unorddf2.o)
                0x000000000000b9e4                __aeabi_dcmpun
                0x000000000000b9e4                __unorddf2
 .text          0x000000000000ba1c       0x5c /usr/lib/gcc/arm-none-eabi/5.4.1/libgcc.a(_arm_fixdfsi.o)
                0x000000000000ba1c                __fixdfsi
                0x000000000000ba1c                __aeabi_d2iz
 .text          0x000000000000ba78       0x3c /usr/lib/gcc/arm-none-eabi/5.4.1/libgcc.a(_aeabi_uldivmod.o)
                0x000000000000ba78                __aeabi_uldivmod
 .text          0x000000000000bab4      0x12c /usr/lib/gcc/arm-none-eabi/5.4.1/libgcc.a(_udivmoddi4.o)
                0x000000000000bab4                __udivmoddi4
 .text          0x000000000000bbe0       0x28 /usr/lib/gcc/arm-none-eabi/5.4.1/libgcc.a(_clzdi2.o)
                0x000000000000bbe0                __clzdi2
 .text          0x000000000000bc08       0x48 /usr/lib/gcc/arm-none-eabi/5.4.1/libgcc.a(_clzsi2.o)
                0x000000000000bc08                __clzsi2
 .text          0x000000000000bc50        0x0 /usr/lib/gcc/arm-none-eabi/5.4.1/crtend.o
 .text          0x000000000000bc50        0x0 /usr/lib/gcc/arm-none-eabi/5.4.1/crtn.o
 *(.text*)
 .text.startup  0x000000000000bc50       0x28 /usr/lib/gcc/arm-none-eabi/5.4.1/../../../arm-none-eabi/lib/libg.a(lib_a-__call_atexit.o)
 *(.rodata)
 .rodata        0x000000000000bc78        0x5 ./debug.o
 *fill*         0x000000000000bc7d        0x3 
 .rodata        0x000000000000bc80      0x15b ./project1.o
 *fill*         0x000000000000bddb        0x1 
 .rodata        0x000000000000bddc        0x4 /usr/lib/gcc/arm-none-eabi/5.4.1/../../../arm-none-eabi/lib/libg.a(lib_a-impure.o)
                0x000000000000bddc                _global_impure_ptr
 .rodata        0x000000000000bde0       0x20 /usr/lib/gcc/arm-none-eabi/5.4.1/../../../arm-none-eabi/lib/libg.a(lib_a-vfprintf.o)
 .rodata        0x000000000000be00      0x128 /usr/lib/gcc/arm-none-eabi/5.4.1/../../../arm-none-eabi/lib/libg.a(lib_a-mprec.o)
                0x000000000000be10                __mprec_tens
                0x000000000000bed8                __mprec_tinytens
                0x000000000000bf00                __mprec_bigtens
 .rodata        0x000000000000bf28       0x20 /usr/lib/gcc/arm-none-eabi/5.4.1/../../../arm-none-eabi/lib/libg.a(lib_a-vfiprintf.o)
 *(.rodata*)
 .rodata.str1.4
                0x000000000000bf48        0x2 /usr/lib/gcc/arm-none-eabi/5.4.1/../../../arm-none-eabi/lib/libg.a(lib_a-impure.o)
 *fill*         0x000000000000bf4a        0x2 
 .rodata.str1.4
                0x000000000000bf4c        0x2 /usr/lib/gcc/arm-none-eabi/5.4.1/../../../arm-none-eabi/lib/libg.a(lib_a-puts.o)
 *fill*         0x000000000000bf4e        0x2 
 .rodata.str1.4
                0x000000000000bf50       0x42 /usr/lib/gcc/arm-none-eabi/5.4.1/../../../arm-none-eabi/lib/libg.a(lib_a-vfprintf.o)
 *fill*         0x000000000000bf92        0x2 
 .rodata.str1.4
                0x000000000000bf94       0x10 /usr/lib/gcc/arm-none-eabi/5.4.1/../../../arm-none-eabi/lib/libg.a(lib_a-dtoa.o)
                                         0x12 (size before relaxing)
 .rodata.str1.4
                0x000000000000bfa4        0xc /usr/lib/gcc/arm-none-eabi/5.4.1/../../../arm-none-eabi/lib/libg.a(lib_a-locale.o)
                                         0x12 (size before relaxing)
 .rodata.str1.4
                0x000000000000bfb0       0x2f /usr/lib/gcc/arm-none-eabi/5.4.1/../../../arm-none-eabi/lib/libg.a(lib_a-vfiprintf.o)
 *(.glue_7)
 .glue_7        0x000000000000bfb0        0x0 linker stubs
 *(.glue_7t)
 .glue_7t       0x000000000000bfb0        0x0 linker stubs
 *(.eh_frame)
 .eh_frame      0x000000000000bfb0        0x0 /usr/lib/gcc/arm-none-eabi/5.4.1/crtbegin.o
 .eh_frame      0x000000000000bfb0        0x4 /usr/lib/gcc/arm-none-eabi/5.4.1/crtend.o
 *(.init)
 .init          0x000000000000bfb4        0xc /usr/lib/gcc/arm-none-eabi/5.4.1/crti.o
                0x000000000000bfb4                _init
 .init          0x000000000000bfc0        0xc /usr/lib/gcc/arm-none-eabi/5.4.1/crtn.o
 *(.fini)
 .fini          0x000000000000bfcc        0xc /usr/lib/gcc/arm-none-eabi/5.4.1/crti.o
                0x000000000000bfcc                _fini
 .fini          0x000000000000bfd8        0xc /usr/lib/gcc/arm-none-eabi/5.4.1/crtn.o
 *fill*         0x000000000000bfe4        0x4 
 .fini.__stub   0x000000000000bfe8        0xc linker stubs
                0x000000000000bff4                . = ALIGN (0x4)

.vfp11_veneer   0x000000000000bff8        0x0
 .vfp11_veneer  0x000000000000bff8        0x0 linker stubs

.v4_bx          0x000000000000bff8        0x0
 .v4_bx         0x000000000000bff8        0x0 linker stubs

.iplt           0x000000000000bff8        0x0
 .iplt          0x000000000000bff8        0x0 /usr/lib/gcc/arm-none-eabi/5.4.1/crtbegin.o

.ARM.extab      0x000000000000bff8        0x0
 *(.ARM.extab* .gnu.linkonce.armextab.*)
 .ARM.extab     0x000000000000bff8        0x0 /usr/lib/gcc/arm-none-eabi/5.4.1/../../../arm-none-eabi/lib/crt0.o
 .ARM.extab     0x000000000000bff8        0x0 /usr/lib/gcc/arm-none-eabi/5.4.1/libgcc.a(_udivmoddi4.o)

.ARM            0x000000000000bff8        0x8
                0x000000000000bff8                __exidx_start = .
 *(.ARM.exidx*)
 .ARM.exidx     0x000000000000bff8        0x8 /usr/lib/gcc/arm-none-eabi/5.4.1/../../../arm-none-eabi/lib/crt0.o
 .ARM.exidx     0x000000000000c000        0x0 /usr/lib/gcc/arm-none-eabi/5.4.1/libgcc.a(_udivmoddi4.o)
                                          0x8 (size before relaxing)
                0x000000000000c000                __exidx_end = .

.rel.dyn        0x000000000000c000        0x0
 .rel.iplt      0x000000000000c000        0x0 /usr/lib/gcc/arm-none-eabi/5.4.1/crtbegin.o

.ctors          0x000000000000c000        0x0
                0x000000000000c000                __CTOR_LIST__ = .
 *crtbegin.o(.ctors)
 *crtbegin?.o(.ctors)
 *(EXCLUDE_FILE(*crtend.o *crtend?.o) .ctors)
 *(SORT(.ctors.*))
 *(.ctors)
                0x000000000000c000                __CTOR_END__ = .

.dtors          0x000000000000c000        0x0
                0x000000000000c000                __DTOR_LIST__ = .
 *crtbegin.o(.dtors)
 *crtbegin?.o(.dtors)
 *(EXCLUDE_FILE(*crtend.o *crtend?.o) .dtors)
 *(SORT(.dtors.*))
 *(.dtors)
                0x000000000000c000                __DTOR_END__ = .

.preinit_array  0x000000000000c000        0x0
                0x000000000000c000                PROVIDE (__preinit_array_start, .)
 *(.preinit_array*)
                0x000000000000c000                PROVIDE (__preinit_array_end, .)

.init_array     0x000000000000c000        0x8
                0x000000000000c000                PROVIDE (__init_array_start, .)
 *(SORT(.init_array.*))
 .init_array.00000
                0x000000000000c000        0x4 /usr/lib/gcc/arm-none-eabi/5.4.1/../../../arm-none-eabi/lib/libg.a(lib_a-__call_atexit.o)
 *(.init_array*)
 .init_array    0x000000000000c004        0x4 /usr/lib/gcc/arm-none-eabi/5.4.1/crtbegin.o
                0x000000000000c008                PROVIDE (__init_array_end, .)

.fini_array     0x000000000000c008        0x4
                0x000000000000c008                PROVIDE (__fini_array_start, .)
 *(SORT(.fini_array.*))
 *(.fini_array*)
 .fini_array    0x000000000000c008        0x4 /usr/lib/gcc/arm-none-eabi/5.4.1/crtbegin.o
                0x000000000000c00c                PROVIDE (__fini_array_end, .)
                0x000000000000c00c                __etext = .
                0x000000000000c00c                __DATA_ROM = .

.mtb            0x000000001ffff000        0x0
                0x000000001ffff000                . = ALIGN (0x8)
                0x000000001ffff000                _mtb_start = .
 *(.mtb_buf)
                0x000000001ffff000                . = ALIGN (0x8)
                0x000000001ffff000                _mtb_end = .

.data           0x000000001ffff000      0x8cc load address 0x000000000000c00c
                0x000000001ffff000                . = ALIGN (0x4)
                0x000000001ffff000                __DATA_RAM = .
                0x000000001ffff000                __data_start__ = .
 *(.data)
 .data          0x000000001ffff000        0x0 /usr/lib/gcc/arm-none-eabi/5.4.1/crti.o
 .data          0x000000001ffff000        0x4 /usr/lib/gcc/arm-none-eabi/5.4.1/crtbegin.o
                0x000000001ffff000                __dso_handle
 .data          0x000000001ffff004        0x0 /usr/lib/gcc/arm-none-eabi/5.4.1/../../../arm-none-eabi/lib/crt0.o
 .data          0x000000001ffff004        0x0 ./conversion.o
 .data          0x000000001ffff004        0x0 ./debug.o
 .data          0x000000001ffff004        0x0 ./memory.o
 .data          0x000000001ffff004        0x0 ./main.o
 .data          0x000000001ffff004        0x0 ./project1.o
 .data          0x000000001ffff004        0x4 ./system_MKL25Z4.o
                0x000000001ffff004                SystemCoreClock
 .data          0x000000001ffff008        0x0 ./startup_MKL25Z4.o
 .data          0x000000001ffff008        0x0 /usr/lib/gcc/arm-none-eabi/5.4.1/libgcc.a(_udivsi3.o)
 .data          0x000000001ffff008        0x0 /usr/lib/gcc/arm-none-eabi/5.4.1/libgcc.a(_dvmd_tls.o)
 .data          0x000000001ffff008        0x0 /usr/lib/gcc/arm-none-eabi/5.4.1/../../../arm-none-eabi/lib/libg.a(lib_a-atexit.o)
 .data          0x000000001ffff008        0x0 /usr/lib/gcc/arm-none-eabi/5.4.1/../../../arm-none-eabi/lib/libg.a(lib_a-exit.o)
 .data          0x000000001ffff008        0x0 /usr/lib/gcc/arm-none-eabi/5.4.1/../../../arm-none-eabi/lib/libg.a(lib_a-fini.o)
 .data          0x000000001ffff008      0x430 /usr/lib/gcc/arm-none-eabi/5.4.1/../../../arm-none-eabi/lib/libg.a(lib_a-impure.o)
                0x000000001ffff008                _impure_ptr
 .data          0x000000001ffff438        0x0 /usr/lib/gcc/arm-none-eabi/5.4.1/../../../arm-none-eabi/lib/libg.a(lib_a-init.o)
 .data          0x000000001ffff438        0x0 /usr/lib/gcc/arm-none-eabi/5.4.1/../../../arm-none-eabi/lib/libg.a(lib_a-malloc.o)
 .data          0x000000001ffff438      0x410 /usr/lib/gcc/arm-none-eabi/5.4.1/../../../arm-none-eabi/lib/libg.a(lib_a-mallocr.o)
                0x000000001ffff438                __malloc_av_
                0x000000001ffff840                __malloc_sbrk_base
                0x000000001ffff844                __malloc_trim_threshold
 .data          0x000000001ffff848        0x0 /usr/lib/gcc/arm-none-eabi/5.4.1/../../../arm-none-eabi/lib/libg.a(lib_a-memcpy-stub.o)
 .data          0x000000001ffff848        0x0 /usr/lib/gcc/arm-none-eabi/5.4.1/../../../arm-none-eabi/lib/libg.a(lib_a-memset.o)
 .data          0x000000001ffff848        0x0 /usr/lib/gcc/arm-none-eabi/5.4.1/../../../arm-none-eabi/lib/libg.a(lib_a-mlock.o)
 .data          0x000000001ffff848        0x0 /usr/lib/gcc/arm-none-eabi/5.4.1/../../../arm-none-eabi/lib/libg.a(lib_a-printf.o)
 .data          0x000000001ffff848        0x0 /usr/lib/gcc/arm-none-eabi/5.4.1/../../../arm-none-eabi/lib/libg.a(lib_a-puts.o)
 .data          0x000000001ffff848        0x0 /usr/lib/gcc/arm-none-eabi/5.4.1/../../../arm-none-eabi/lib/libg.a(lib_a-sbrkr.o)
 .data          0x000000001ffff848        0x0 /usr/lib/gcc/arm-none-eabi/5.4.1/../../../arm-none-eabi/lib/libg.a(lib_a-strlen-stub.o)
 .data          0x000000001ffff848        0x0 /usr/lib/gcc/arm-none-eabi/5.4.1/../../../arm-none-eabi/lib/libg.a(lib_a-vfprintf.o)
 .data          0x000000001ffff848        0x0 /usr/lib/gcc/arm-none-eabi/5.4.1/../../../arm-none-eabi/lib/libg.a(lib_a-wsetup.o)
 .data          0x000000001ffff848        0x0 /usr/lib/gcc/arm-none-eabi/5.4.1/../../../arm-none-eabi/lib/libg.a(lib_a-__atexit.o)
 .data          0x000000001ffff848        0x0 /usr/lib/gcc/arm-none-eabi/5.4.1/../../../arm-none-eabi/lib/libg.a(lib_a-__call_atexit.o)
 .data          0x000000001ffff848        0x0 /usr/lib/gcc/arm-none-eabi/5.4.1/../../../arm-none-eabi/lib/libg.a(lib_a-dtoa.o)
 .data          0x000000001ffff848        0x0 /usr/lib/gcc/arm-none-eabi/5.4.1/../../../arm-none-eabi/lib/libg.a(lib_a-fflush.o)
 .data          0x000000001ffff848        0x0 /usr/lib/gcc/arm-none-eabi/5.4.1/../../../arm-none-eabi/lib/libg.a(lib_a-findfp.o)
 .data          0x000000001ffff848        0x0 /usr/lib/gcc/arm-none-eabi/5.4.1/../../../arm-none-eabi/lib/libg.a(lib_a-freer.o)
 .data          0x000000001ffff848        0x0 /usr/lib/gcc/arm-none-eabi/5.4.1/../../../arm-none-eabi/lib/libg.a(lib_a-fvwrite.o)
 .data          0x000000001ffff848        0x0 /usr/lib/gcc/arm-none-eabi/5.4.1/../../../arm-none-eabi/lib/libg.a(lib_a-fwalk.o)
 .data          0x000000001ffff848       0x7c /usr/lib/gcc/arm-none-eabi/5.4.1/../../../arm-none-eabi/lib/libg.a(lib_a-locale.o)
                0x000000001ffff868                __mb_cur_max
 .data          0x000000001ffff8c4        0x0 /usr/lib/gcc/arm-none-eabi/5.4.1/../../../arm-none-eabi/lib/libg.a(lib_a-makebuf.o)
 .data          0x000000001ffff8c4        0x0 /usr/lib/gcc/arm-none-eabi/5.4.1/../../../arm-none-eabi/lib/libg.a(lib_a-memchr-stub.o)
 .data          0x000000001ffff8c4        0x0 /usr/lib/gcc/arm-none-eabi/5.4.1/../../../arm-none-eabi/lib/libg.a(lib_a-memmove.o)
 .data          0x000000001ffff8c4        0x0 /usr/lib/gcc/arm-none-eabi/5.4.1/../../../arm-none-eabi/lib/libg.a(lib_a-mprec.o)
 .data          0x000000001ffff8c4        0x0 /usr/lib/gcc/arm-none-eabi/5.4.1/../../../arm-none-eabi/lib/libg.a(lib_a-reallocr.o)
 .data          0x000000001ffff8c4        0x0 /usr/lib/gcc/arm-none-eabi/5.4.1/../../../arm-none-eabi/lib/libg.a(lib_a-reent.o)
 .data          0x000000001ffff8c4        0x0 /usr/lib/gcc/arm-none-eabi/5.4.1/../../../arm-none-eabi/lib/libg.a(lib_a-stdio.o)
 .data          0x000000001ffff8c4        0x0 /usr/lib/gcc/arm-none-eabi/5.4.1/../../../arm-none-eabi/lib/libg.a(lib_a-strcmp.o)
 .data          0x000000001ffff8c4        0x0 /usr/lib/gcc/arm-none-eabi/5.4.1/../../../arm-none-eabi/lib/libg.a(lib_a-vfiprintf.o)
 .data          0x000000001ffff8c4        0x0 /usr/lib/gcc/arm-none-eabi/5.4.1/../../../arm-none-eabi/lib/libg.a(lib_a-writer.o)
 .data          0x000000001ffff8c4        0x0 /usr/lib/gcc/arm-none-eabi/5.4.1/../../../arm-none-eabi/lib/libg.a(lib_a-callocr.o)
 .data          0x000000001ffff8c4        0x0 /usr/lib/gcc/arm-none-eabi/5.4.1/../../../arm-none-eabi/lib/libg.a(lib_a-closer.o)
 .data          0x000000001ffff8c4        0x0 /usr/lib/gcc/arm-none-eabi/5.4.1/../../../arm-none-eabi/lib/libg.a(lib_a-fclose.o)
 .data          0x000000001ffff8c4        0x0 /usr/lib/gcc/arm-none-eabi/5.4.1/../../../arm-none-eabi/lib/libg.a(lib_a-fputwc.o)
 .data          0x000000001ffff8c4        0x0 /usr/lib/gcc/arm-none-eabi/5.4.1/../../../arm-none-eabi/lib/libg.a(lib_a-fstatr.o)
 .data          0x000000001ffff8c4        0x0 /usr/lib/gcc/arm-none-eabi/5.4.1/../../../arm-none-eabi/lib/libg.a(lib_a-isattyr.o)
 .data          0x000000001ffff8c4        0x0 /usr/lib/gcc/arm-none-eabi/5.4.1/../../../arm-none-eabi/lib/libg.a(lib_a-lseekr.o)
 .data          0x000000001ffff8c4        0x0 /usr/lib/gcc/arm-none-eabi/5.4.1/../../../arm-none-eabi/lib/libg.a(lib_a-readr.o)
 .data          0x000000001ffff8c4        0x0 /usr/lib/gcc/arm-none-eabi/5.4.1/../../../arm-none-eabi/lib/libg.a(lib_a-wbuf.o)
 .data          0x000000001ffff8c4        0x0 /usr/lib/gcc/arm-none-eabi/5.4.1/../../../arm-none-eabi/lib/libg.a(lib_a-wcrtomb.o)
 .data          0x000000001ffff8c4        0x4 /usr/lib/gcc/arm-none-eabi/5.4.1/../../../arm-none-eabi/lib/libg.a(lib_a-wctomb_r.o)
                0x000000001ffff8c4                __wctomb
 .data          0x000000001ffff8c8        0x0 /usr/lib/gcc/arm-none-eabi/5.4.1/libgcc.a(_divsi3.o)
 .data          0x000000001ffff8c8        0x0 /usr/lib/gcc/arm-none-eabi/5.4.1/libgcc.a(_arm_addsubdf3.o)
 .data          0x000000001ffff8c8        0x0 /usr/lib/gcc/arm-none-eabi/5.4.1/libgcc.a(_arm_muldivdf3.o)
 .data          0x000000001ffff8c8        0x0 /usr/lib/gcc/arm-none-eabi/5.4.1/libgcc.a(_arm_cmpdf2.o)
 .data          0x000000001ffff8c8        0x0 /usr/lib/gcc/arm-none-eabi/5.4.1/libgcc.a(_arm_unorddf2.o)
 .data          0x000000001ffff8c8        0x0 /usr/lib/gcc/arm-none-eabi/5.4.1/libgcc.a(_arm_fixdfsi.o)
 .data          0x000000001ffff8c8        0x0 /usr/lib/gcc/arm-none-eabi/5.4.1/libgcc.a(_aeabi_uldivmod.o)
 .data          0x000000001ffff8c8        0x0 /usr/lib/gcc/arm-none-eabi/5.4.1/libgcc.a(_udivmoddi4.o)
 .data          0x000000001ffff8c8        0x0 /usr/lib/gcc/arm-none-eabi/5.4.1/libgcc.a(_clzdi2.o)
 .data          0x000000001ffff8c8        0x0 /usr/lib/gcc/arm-none-eabi/5.4.1/libgcc.a(_clzsi2.o)
 .data          0x000000001ffff8c8        0x0 /usr/lib/gcc/arm-none-eabi/5.4.1/crtend.o
 .data          0x000000001ffff8c8        0x0 /usr/lib/gcc/arm-none-eabi/5.4.1/crtn.o
 *(.data*)
 *(.jcr*)
 .jcr           0x000000001ffff8c8        0x0 /usr/lib/gcc/arm-none-eabi/5.4.1/crtbegin.o
 .jcr           0x000000001ffff8c8        0x4 /usr/lib/gcc/arm-none-eabi/5.4.1/crtend.o
                0x000000001ffff8cc                . = ALIGN (0x4)
                0x000000001ffff8cc                __data_end__ = .
                0x000000000000c8d8                __DATA_END = (__DATA_ROM + (__data_end__ - __data_start__))

.tm_clone_table
                0x000000001ffff8cc        0x0 load address 0x000000000000c8d8
 .tm_clone_table
                0x000000001ffff8cc        0x0 /usr/lib/gcc/arm-none-eabi/5.4.1/crtbegin.o
 .tm_clone_table
                0x000000001ffff8cc        0x0 /usr/lib/gcc/arm-none-eabi/5.4.1/crtend.o

.igot.plt       0x000000001ffff8cc        0x0 load address 0x000000000000c8d8
 .igot.plt      0x000000001ffff8cc        0x0 /usr/lib/gcc/arm-none-eabi/5.4.1/crtbegin.o

.bss            0x000000001ffff8cc       0x60 load address 0x000000000000c8d8
                0x000000001ffff8cc                . = ALIGN (0x4)
                0x000000001ffff8cc                __START_BSS = .
                0x000000001ffff8cc                __bss_start__ = .
 *(.bss)
 .bss           0x000000001ffff8cc        0x0 /usr/lib/gcc/arm-none-eabi/5.4.1/crti.o
 .bss           0x000000001ffff8cc       0x1c /usr/lib/gcc/arm-none-eabi/5.4.1/crtbegin.o
 .bss           0x000000001ffff8e8        0x0 /usr/lib/gcc/arm-none-eabi/5.4.1/../../../arm-none-eabi/lib/crt0.o
 .bss           0x000000001ffff8e8        0x0 ./conversion.o
 .bss           0x000000001ffff8e8        0x0 ./debug.o
 .bss           0x000000001ffff8e8        0x0 ./memory.o
 .bss           0x000000001ffff8e8        0x0 ./main.o
 .bss           0x000000001ffff8e8        0x0 ./project1.o
 .bss           0x000000001ffff8e8        0x0 ./system_MKL25Z4.o
 .bss           0x000000001ffff8e8        0x0 ./startup_MKL25Z4.o
 .bss           0x000000001ffff8e8        0x0 /usr/lib/gcc/arm-none-eabi/5.4.1/libgcc.a(_udivsi3.o)
 .bss           0x000000001ffff8e8        0x0 /usr/lib/gcc/arm-none-eabi/5.4.1/libgcc.a(_dvmd_tls.o)
 .bss           0x000000001ffff8e8        0x0 /usr/lib/gcc/arm-none-eabi/5.4.1/../../../arm-none-eabi/lib/libg.a(lib_a-atexit.o)
 .bss           0x000000001ffff8e8        0x0 /usr/lib/gcc/arm-none-eabi/5.4.1/../../../arm-none-eabi/lib/libg.a(lib_a-exit.o)
 .bss           0x000000001ffff8e8        0x0 /usr/lib/gcc/arm-none-eabi/5.4.1/../../../arm-none-eabi/lib/libg.a(lib_a-fini.o)
 .bss           0x000000001ffff8e8        0x0 /usr/lib/gcc/arm-none-eabi/5.4.1/../../../arm-none-eabi/lib/libg.a(lib_a-impure.o)
 .bss           0x000000001ffff8e8        0x0 /usr/lib/gcc/arm-none-eabi/5.4.1/../../../arm-none-eabi/lib/libg.a(lib_a-init.o)
 .bss           0x000000001ffff8e8        0x0 /usr/lib/gcc/arm-none-eabi/5.4.1/../../../arm-none-eabi/lib/libg.a(lib_a-malloc.o)
 .bss           0x000000001ffff8e8       0x34 /usr/lib/gcc/arm-none-eabi/5.4.1/../../../arm-none-eabi/lib/libg.a(lib_a-mallocr.o)
                0x000000001ffff8e8                __malloc_top_pad
                0x000000001ffff8ec                __malloc_current_mallinfo
                0x000000001ffff914                __malloc_max_sbrked_mem
                0x000000001ffff918                __malloc_max_total_mem
 .bss           0x000000001ffff91c        0x0 /usr/lib/gcc/arm-none-eabi/5.4.1/../../../arm-none-eabi/lib/libg.a(lib_a-memcpy-stub.o)
 .bss           0x000000001ffff91c        0x0 /usr/lib/gcc/arm-none-eabi/5.4.1/../../../arm-none-eabi/lib/libg.a(lib_a-memset.o)
 .bss           0x000000001ffff91c        0x0 /usr/lib/gcc/arm-none-eabi/5.4.1/../../../arm-none-eabi/lib/libg.a(lib_a-mlock.o)
 .bss           0x000000001ffff91c        0x0 /usr/lib/gcc/arm-none-eabi/5.4.1/../../../arm-none-eabi/lib/libg.a(lib_a-printf.o)
 .bss           0x000000001ffff91c        0x0 /usr/lib/gcc/arm-none-eabi/5.4.1/../../../arm-none-eabi/lib/libg.a(lib_a-puts.o)
 .bss           0x000000001ffff91c        0x0 /usr/lib/gcc/arm-none-eabi/5.4.1/../../../arm-none-eabi/lib/libg.a(lib_a-sbrkr.o)
 .bss           0x000000001ffff91c        0x0 /usr/lib/gcc/arm-none-eabi/5.4.1/../../../arm-none-eabi/lib/libg.a(lib_a-strlen-stub.o)
 .bss           0x000000001ffff91c        0x0 /usr/lib/gcc/arm-none-eabi/5.4.1/../../../arm-none-eabi/lib/libg.a(lib_a-vfprintf.o)
 .bss           0x000000001ffff91c        0x0 /usr/lib/gcc/arm-none-eabi/5.4.1/../../../arm-none-eabi/lib/libg.a(lib_a-wsetup.o)
 .bss           0x000000001ffff91c        0x0 /usr/lib/gcc/arm-none-eabi/5.4.1/../../../arm-none-eabi/lib/libg.a(lib_a-__atexit.o)
 .bss           0x000000001ffff91c        0x0 /usr/lib/gcc/arm-none-eabi/5.4.1/../../../arm-none-eabi/lib/libg.a(lib_a-__call_atexit.o)
 .bss           0x000000001ffff91c        0x0 /usr/lib/gcc/arm-none-eabi/5.4.1/../../../arm-none-eabi/lib/libg.a(lib_a-dtoa.o)
 .bss           0x000000001ffff91c        0x0 /usr/lib/gcc/arm-none-eabi/5.4.1/../../../arm-none-eabi/lib/libg.a(lib_a-fflush.o)
 .bss           0x000000001ffff91c        0x0 /usr/lib/gcc/arm-none-eabi/5.4.1/../../../arm-none-eabi/lib/libg.a(lib_a-findfp.o)
 .bss           0x000000001ffff91c        0x0 /usr/lib/gcc/arm-none-eabi/5.4.1/../../../arm-none-eabi/lib/libg.a(lib_a-freer.o)
 .bss           0x000000001ffff91c        0x0 /usr/lib/gcc/arm-none-eabi/5.4.1/../../../arm-none-eabi/lib/libg.a(lib_a-fvwrite.o)
 .bss           0x000000001ffff91c        0x0 /usr/lib/gcc/arm-none-eabi/5.4.1/../../../arm-none-eabi/lib/libg.a(lib_a-fwalk.o)
 .bss           0x000000001ffff91c        0xc /usr/lib/gcc/arm-none-eabi/5.4.1/../../../arm-none-eabi/lib/libg.a(lib_a-locale.o)
                0x000000001ffff91c                _PathLocale
                0x000000001ffff920                __mlocale_changed
                0x000000001ffff924                __nlocale_changed
 .bss           0x000000001ffff928        0x0 /usr/lib/gcc/arm-none-eabi/5.4.1/../../../arm-none-eabi/lib/libg.a(lib_a-makebuf.o)
 .bss           0x000000001ffff928        0x0 /usr/lib/gcc/arm-none-eabi/5.4.1/../../../arm-none-eabi/lib/libg.a(lib_a-memchr-stub.o)
 .bss           0x000000001ffff928        0x0 /usr/lib/gcc/arm-none-eabi/5.4.1/../../../arm-none-eabi/lib/libg.a(lib_a-memmove.o)
 .bss           0x000000001ffff928        0x0 /usr/lib/gcc/arm-none-eabi/5.4.1/../../../arm-none-eabi/lib/libg.a(lib_a-mprec.o)
 .bss           0x000000001ffff928        0x0 /usr/lib/gcc/arm-none-eabi/5.4.1/../../../arm-none-eabi/lib/libg.a(lib_a-reallocr.o)
 .bss           0x000000001ffff928        0x0 /usr/lib/gcc/arm-none-eabi/5.4.1/../../../arm-none-eabi/lib/libg.a(lib_a-reent.o)
 .bss           0x000000001ffff928        0x0 /usr/lib/gcc/arm-none-eabi/5.4.1/../../../arm-none-eabi/lib/libg.a(lib_a-stdio.o)
 .bss           0x000000001ffff928        0x0 /usr/lib/gcc/arm-none-eabi/5.4.1/../../../arm-none-eabi/lib/libg.a(lib_a-strcmp.o)
 .bss           0x000000001ffff928        0x0 /usr/lib/gcc/arm-none-eabi/5.4.1/../../../arm-none-eabi/lib/libg.a(lib_a-vfiprintf.o)
 .bss           0x000000001ffff928        0x0 /usr/lib/gcc/arm-none-eabi/5.4.1/../../../arm-none-eabi/lib/libg.a(lib_a-writer.o)
 .bss           0x000000001ffff928        0x0 /usr/lib/gcc/arm-none-eabi/5.4.1/../../../arm-none-eabi/lib/libg.a(lib_a-callocr.o)
 .bss           0x000000001ffff928        0x0 /usr/lib/gcc/arm-none-eabi/5.4.1/../../../arm-none-eabi/lib/libg.a(lib_a-closer.o)
 .bss           0x000000001ffff928        0x0 /usr/lib/gcc/arm-none-eabi/5.4.1/../../../arm-none-eabi/lib/libg.a(lib_a-fclose.o)
 .bss           0x000000001ffff928        0x0 /usr/lib/gcc/arm-none-eabi/5.4.1/../../../arm-none-eabi/lib/libg.a(lib_a-fputwc.o)
 .bss           0x000000001ffff928        0x0 /usr/lib/gcc/arm-none-eabi/5.4.1/../../../arm-none-eabi/lib/libg.a(lib_a-fstatr.o)
 .bss           0x000000001ffff928        0x0 /usr/lib/gcc/arm-none-eabi/5.4.1/../../../arm-none-eabi/lib/libg.a(lib_a-isattyr.o)
 .bss           0x000000001ffff928        0x0 /usr/lib/gcc/arm-none-eabi/5.4.1/../../../arm-none-eabi/lib/libg.a(lib_a-lseekr.o)
 .bss           0x000000001ffff928        0x0 /usr/lib/gcc/arm-none-eabi/5.4.1/../../../arm-none-eabi/lib/libg.a(lib_a-readr.o)
 .bss           0x000000001ffff928        0x0 /usr/lib/gcc/arm-none-eabi/5.4.1/../../../arm-none-eabi/lib/libg.a(lib_a-wbuf.o)
 .bss           0x000000001ffff928        0x0 /usr/lib/gcc/arm-none-eabi/5.4.1/../../../arm-none-eabi/lib/libg.a(lib_a-wcrtomb.o)
 .bss           0x000000001ffff928        0x0 /usr/lib/gcc/arm-none-eabi/5.4.1/../../../arm-none-eabi/lib/libg.a(lib_a-wctomb_r.o)
 .bss           0x000000001ffff928        0x0 /usr/lib/gcc/arm-none-eabi/5.4.1/libgcc.a(_divsi3.o)
 .bss           0x000000001ffff928        0x0 /usr/lib/gcc/arm-none-eabi/5.4.1/libgcc.a(_arm_addsubdf3.o)
 .bss           0x000000001ffff928        0x0 /usr/lib/gcc/arm-none-eabi/5.4.1/libgcc.a(_arm_muldivdf3.o)
 .bss           0x000000001ffff928        0x0 /usr/lib/gcc/arm-none-eabi/5.4.1/libgcc.a(_arm_cmpdf2.o)
 .bss           0x000000001ffff928        0x0 /usr/lib/gcc/arm-none-eabi/5.4.1/libgcc.a(_arm_unorddf2.o)
 .bss           0x000000001ffff928        0x0 /usr/lib/gcc/arm-none-eabi/5.4.1/libgcc.a(_arm_fixdfsi.o)
 .bss           0x000000001ffff928        0x0 /usr/lib/gcc/arm-none-eabi/5.4.1/libgcc.a(_aeabi_uldivmod.o)
 .bss           0x000000001ffff928        0x0 /usr/lib/gcc/arm-none-eabi/5.4.1/libgcc.a(_udivmoddi4.o)
 .bss           0x000000001ffff928        0x0 /usr/lib/gcc/arm-none-eabi/5.4.1/libgcc.a(_clzdi2.o)
 .bss           0x000000001ffff928        0x0 /usr/lib/gcc/arm-none-eabi/5.4.1/libgcc.a(_clzsi2.o)
 .bss           0x000000001ffff928        0x0 /usr/lib/gcc/arm-none-eabi/5.4.1/crtend.o
 .bss           0x000000001ffff928        0x0 /usr/lib/gcc/arm-none-eabi/5.4.1/crtn.o
 *(.bss*)
 *(COMMON)
 COMMON         0x000000001ffff928        0x4 /usr/lib/gcc/arm-none-eabi/5.4.1/../../../arm-none-eabi/lib/libg.a(lib_a-reent.o)
                0x000000001ffff928                errno
                0x000000001ffff92c                . = ALIGN (0x4)
                0x000000001ffff92c                __bss_end__ = .
                0x000000001ffff92c                __END_BSS = .

.heap           0x000000001ffff92c      0x404 load address 0x000000000000c938
                0x000000001ffff930                . = ALIGN (0x8)
 *fill*         0x000000001ffff92c        0x4 
                0x000000001ffff930                __end__ = .
                [!provide]                        PROVIDE (end, .)
                0x000000001ffff930                __HeapBase = .
                0x000000001ffffd30                . = (. + HEAP_SIZE)
 *fill*         0x000000001ffff930      0x400 
                0x000000001ffffd30                __HeapLimit = .

.stack          0x000000001ffffd30      0x400 load address 0x000000000000cd3c
                0x000000001ffffd30                . = ALIGN (0x8)
                0x0000000020000130                . = (. + STACK_SIZE)
 *fill*         0x000000001ffffd30      0x400 
                0x0000000020003000                __StackTop = (ORIGIN (m_data) + LENGTH (m_data))
                0x0000000020002c00                __StackLimit = (__StackTop - STACK_SIZE)
                0x0000000020003000                PROVIDE (__stack, __StackTop)

.ARM.attributes
                0x0000000000000000       0x31
 *(.ARM.attributes)
 .ARM.attributes
                0x0000000000000000       0x16 /usr/lib/gcc/arm-none-eabi/5.4.1/crti.o
 .ARM.attributes
                0x0000000000000016       0x30 /usr/lib/gcc/arm-none-eabi/5.4.1/crtbegin.o
 .ARM.attributes
                0x0000000000000046       0x14 /usr/lib/gcc/arm-none-eabi/5.4.1/../../../arm-none-eabi/lib/crt0.o
 .ARM.attributes
                0x000000000000005a       0x32 ./conversion.o
 .ARM.attributes
                0x000000000000008c       0x32 ./debug.o
 .ARM.attributes
                0x00000000000000be       0x32 ./memory.o
 .ARM.attributes
                0x00000000000000f0       0x32 ./main.o
 .ARM.attributes
                0x0000000000000122       0x32 ./project1.o
 .ARM.attributes
                0x0000000000000154       0x32 ./system_MKL25Z4.o
 .ARM.attributes
                0x0000000000000186       0x1f ./startup_MKL25Z4.o
 .ARM.attributes
                0x00000000000001a5       0x18 /usr/lib/gcc/arm-none-eabi/5.4.1/libgcc.a(_udivsi3.o)
 .ARM.attributes
                0x00000000000001bd       0x18 /usr/lib/gcc/arm-none-eabi/5.4.1/libgcc.a(_dvmd_tls.o)
 .ARM.attributes
                0x00000000000001d5       0x30 /usr/lib/gcc/arm-none-eabi/5.4.1/../../../arm-none-eabi/lib/libg.a(lib_a-atexit.o)
 .ARM.attributes
                0x0000000000000205       0x30 /usr/lib/gcc/arm-none-eabi/5.4.1/../../../arm-none-eabi/lib/libg.a(lib_a-exit.o)
 .ARM.attributes
                0x0000000000000235       0x30 /usr/lib/gcc/arm-none-eabi/5.4.1/../../../arm-none-eabi/lib/libg.a(lib_a-fini.o)
 .ARM.attributes
                0x0000000000000265       0x30 /usr/lib/gcc/arm-none-eabi/5.4.1/../../../arm-none-eabi/lib/libg.a(lib_a-impure.o)
 .ARM.attributes
                0x0000000000000295       0x30 /usr/lib/gcc/arm-none-eabi/5.4.1/../../../arm-none-eabi/lib/libg.a(lib_a-init.o)
 .ARM.attributes
                0x00000000000002c5       0x30 /usr/lib/gcc/arm-none-eabi/5.4.1/../../../arm-none-eabi/lib/libg.a(lib_a-malloc.o)
 .ARM.attributes
                0x00000000000002f5       0x30 /usr/lib/gcc/arm-none-eabi/5.4.1/../../../arm-none-eabi/lib/libg.a(lib_a-mallocr.o)
 .ARM.attributes
                0x0000000000000325       0x30 /usr/lib/gcc/arm-none-eabi/5.4.1/../../../arm-none-eabi/lib/libg.a(lib_a-memcpy-stub.o)
 .ARM.attributes
                0x0000000000000355       0x30 /usr/lib/gcc/arm-none-eabi/5.4.1/../../../arm-none-eabi/lib/libg.a(lib_a-memset.o)
 .ARM.attributes
                0x0000000000000385       0x30 /usr/lib/gcc/arm-none-eabi/5.4.1/../../../arm-none-eabi/lib/libg.a(lib_a-mlock.o)
 .ARM.attributes
                0x00000000000003b5       0x30 /usr/lib/gcc/arm-none-eabi/5.4.1/../../../arm-none-eabi/lib/libg.a(lib_a-printf.o)
 .ARM.attributes
                0x00000000000003e5       0x30 /usr/lib/gcc/arm-none-eabi/5.4.1/../../../arm-none-eabi/lib/libg.a(lib_a-puts.o)
 .ARM.attributes
                0x0000000000000415       0x30 /usr/lib/gcc/arm-none-eabi/5.4.1/../../../arm-none-eabi/lib/libg.a(lib_a-sbrkr.o)
 .ARM.attributes
                0x0000000000000445       0x30 /usr/lib/gcc/arm-none-eabi/5.4.1/../../../arm-none-eabi/lib/libg.a(lib_a-strlen-stub.o)
 .ARM.attributes
                0x0000000000000475       0x30 /usr/lib/gcc/arm-none-eabi/5.4.1/../../../arm-none-eabi/lib/libg.a(lib_a-vfprintf.o)
 .ARM.attributes
                0x00000000000004a5       0x30 /usr/lib/gcc/arm-none-eabi/5.4.1/../../../arm-none-eabi/lib/libg.a(lib_a-wsetup.o)
 .ARM.attributes
                0x00000000000004d5       0x30 /usr/lib/gcc/arm-none-eabi/5.4.1/../../../arm-none-eabi/lib/libg.a(lib_a-__atexit.o)
 .ARM.attributes
                0x0000000000000505       0x30 /usr/lib/gcc/arm-none-eabi/5.4.1/../../../arm-none-eabi/lib/libg.a(lib_a-__call_atexit.o)
 .ARM.attributes
                0x0000000000000535       0x30 /usr/lib/gcc/arm-none-eabi/5.4.1/../../../arm-none-eabi/lib/libg.a(lib_a-dtoa.o)
 .ARM.attributes
                0x0000000000000565       0x30 /usr/lib/gcc/arm-none-eabi/5.4.1/../../../arm-none-eabi/lib/libg.a(lib_a-fflush.o)
 .ARM.attributes
                0x0000000000000595       0x30 /usr/lib/gcc/arm-none-eabi/5.4.1/../../../arm-none-eabi/lib/libg.a(lib_a-findfp.o)
 .ARM.attributes
                0x00000000000005c5       0x30 /usr/lib/gcc/arm-none-eabi/5.4.1/../../../arm-none-eabi/lib/libg.a(lib_a-freer.o)
 .ARM.attributes
                0x00000000000005f5       0x30 /usr/lib/gcc/arm-none-eabi/5.4.1/../../../arm-none-eabi/lib/libg.a(lib_a-fvwrite.o)
 .ARM.attributes
                0x0000000000000625       0x30 /usr/lib/gcc/arm-none-eabi/5.4.1/../../../arm-none-eabi/lib/libg.a(lib_a-fwalk.o)
 .ARM.attributes
                0x0000000000000655       0x30 /usr/lib/gcc/arm-none-eabi/5.4.1/../../../arm-none-eabi/lib/libg.a(lib_a-locale.o)
 .ARM.attributes
                0x0000000000000685       0x30 /usr/lib/gcc/arm-none-eabi/5.4.1/../../../arm-none-eabi/lib/libg.a(lib_a-makebuf.o)
 .ARM.attributes
                0x00000000000006b5       0x30 /usr/lib/gcc/arm-none-eabi/5.4.1/../../../arm-none-eabi/lib/libg.a(lib_a-memchr-stub.o)
 .ARM.attributes
                0x00000000000006e5       0x30 /usr/lib/gcc/arm-none-eabi/5.4.1/../../../arm-none-eabi/lib/libg.a(lib_a-memmove.o)
 .ARM.attributes
                0x0000000000000715       0x30 /usr/lib/gcc/arm-none-eabi/5.4.1/../../../arm-none-eabi/lib/libg.a(lib_a-mprec.o)
 .ARM.attributes
                0x0000000000000745       0x30 /usr/lib/gcc/arm-none-eabi/5.4.1/../../../arm-none-eabi/lib/libg.a(lib_a-reallocr.o)
 .ARM.attributes
                0x0000000000000775       0x30 /usr/lib/gcc/arm-none-eabi/5.4.1/../../../arm-none-eabi/lib/libg.a(lib_a-reent.o)
 .ARM.attributes
                0x00000000000007a5       0x30 /usr/lib/gcc/arm-none-eabi/5.4.1/../../../arm-none-eabi/lib/libg.a(lib_a-stdio.o)
 .ARM.attributes
                0x00000000000007d5       0x16 /usr/lib/gcc/arm-none-eabi/5.4.1/../../../arm-none-eabi/lib/libg.a(lib_a-strcmp.o)
 .ARM.attributes
                0x00000000000007eb       0x30 /usr/lib/gcc/arm-none-eabi/5.4.1/../../../arm-none-eabi/lib/libg.a(lib_a-vfiprintf.o)
 .ARM.attributes
                0x000000000000081b       0x30 /usr/lib/gcc/arm-none-eabi/5.4.1/../../../arm-none-eabi/lib/libg.a(lib_a-writer.o)
 .ARM.attributes
                0x000000000000084b       0x30 /usr/lib/gcc/arm-none-eabi/5.4.1/../../../arm-none-eabi/lib/libg.a(lib_a-callocr.o)
 .ARM.attributes
                0x000000000000087b       0x30 /usr/lib/gcc/arm-none-eabi/5.4.1/../../../arm-none-eabi/lib/libg.a(lib_a-closer.o)
 .ARM.attributes
                0x00000000000008ab       0x30 /usr/lib/gcc/arm-none-eabi/5.4.1/../../../arm-none-eabi/lib/libg.a(lib_a-fclose.o)
 .ARM.attributes
                0x00000000000008db       0x30 /usr/lib/gcc/arm-none-eabi/5.4.1/../../../arm-none-eabi/lib/libg.a(lib_a-fputwc.o)
 .ARM.attributes
                0x000000000000090b       0x30 /usr/lib/gcc/arm-none-eabi/5.4.1/../../../arm-none-eabi/lib/libg.a(lib_a-fstatr.o)
 .ARM.attributes
                0x000000000000093b       0x30 /usr/lib/gcc/arm-none-eabi/5.4.1/../../../arm-none-eabi/lib/libg.a(lib_a-isattyr.o)
 .ARM.attributes
                0x000000000000096b       0x30 /usr/lib/gcc/arm-none-eabi/5.4.1/../../../arm-none-eabi/lib/libg.a(lib_a-lseekr.o)
 .ARM.attributes
                0x000000000000099b       0x30 /usr/lib/gcc/arm-none-eabi/5.4.1/../../../arm-none-eabi/lib/libg.a(lib_a-readr.o)
 .ARM.attributes
                0x00000000000009cb       0x30 /usr/lib/gcc/arm-none-eabi/5.4.1/../../../arm-none-eabi/lib/libg.a(lib_a-wbuf.o)
 .ARM.attributes
                0x00000000000009fb       0x30 /usr/lib/gcc/arm-none-eabi/5.4.1/../../../arm-none-eabi/lib/libg.a(lib_a-wcrtomb.o)
 .ARM.attributes
                0x0000000000000a2b       0x30 /usr/lib/gcc/arm-none-eabi/5.4.1/../../../arm-none-eabi/lib/libg.a(lib_a-wctomb_r.o)
 .ARM.attributes
                0x0000000000000a5b       0x18 /usr/lib/gcc/arm-none-eabi/5.4.1/libgcc.a(_divsi3.o)
 .ARM.attributes
                0x0000000000000a73       0x18 /usr/lib/gcc/arm-none-eabi/5.4.1/libgcc.a(_arm_addsubdf3.o)
 .ARM.attributes
                0x0000000000000a8b       0x18 /usr/lib/gcc/arm-none-eabi/5.4.1/libgcc.a(_arm_muldivdf3.o)
 .ARM.attributes
                0x0000000000000aa3       0x18 /usr/lib/gcc/arm-none-eabi/5.4.1/libgcc.a(_arm_cmpdf2.o)
 .ARM.attributes
                0x0000000000000abb       0x18 /usr/lib/gcc/arm-none-eabi/5.4.1/libgcc.a(_arm_unorddf2.o)
 .ARM.attributes
                0x0000000000000ad3       0x18 /usr/lib/gcc/arm-none-eabi/5.4.1/libgcc.a(_arm_fixdfsi.o)
 .ARM.attributes
                0x0000000000000aeb       0x18 /usr/lib/gcc/arm-none-eabi/5.4.1/libgcc.a(_aeabi_uldivmod.o)
 .ARM.attributes
                0x0000000000000b03       0x30 /usr/lib/gcc/arm-none-eabi/5.4.1/libgcc.a(_udivmoddi4.o)
 .ARM.attributes
                0x0000000000000b33       0x18 /usr/lib/gcc/arm-none-eabi/5.4.1/libgcc.a(_clzdi2.o)
 .ARM.attributes
                0x0000000000000b4b       0x18 /usr/lib/gcc/arm-none-eabi/5.4.1/libgcc.a(_clzsi2.o)
 .ARM.attributes
                0x0000000000000b63       0x30 /usr/lib/gcc/arm-none-eabi/5.4.1/crtend.o
 .ARM.attributes
                0x0000000000000b93       0x18 /usr/lib/gcc/arm-none-eabi/5.4.1/crtn.o
                0x0000000000000001                ASSERT ((__StackLimit >= __HeapLimit), region m_data overflowed with stack and heap)
OUTPUT(project1.elf elf32-littlearm)

.comment        0x0000000000000000       0x2b
 .comment       0x0000000000000000       0x2b /usr/lib/gcc/arm-none-eabi/5.4.1/crtbegin.o
                                         0x2c (size before relaxing)
 .comment       0x000000000000002b       0x2c ./conversion.o
 .comment       0x000000000000002b       0x2c ./debug.o
 .comment       0x000000000000002b       0x2c ./memory.o
 .comment       0x000000000000002b       0x2c ./main.o
 .comment       0x000000000000002b       0x2c ./project1.o
 .comment       0x000000000000002b       0x2c ./system_MKL25Z4.o
 .comment       0x000000000000002b       0x2c /usr/lib/gcc/arm-none-eabi/5.4.1/../../../arm-none-eabi/lib/libg.a(lib_a-atexit.o)
 .comment       0x000000000000002b       0x2c /usr/lib/gcc/arm-none-eabi/5.4.1/../../../arm-none-eabi/lib/libg.a(lib_a-exit.o)
 .comment       0x000000000000002b       0x2c /usr/lib/gcc/arm-none-eabi/5.4.1/../../../arm-none-eabi/lib/libg.a(lib_a-fini.o)
 .comment       0x000000000000002b       0x2c /usr/lib/gcc/arm-none-eabi/5.4.1/../../../arm-none-eabi/lib/libg.a(lib_a-impure.o)
 .comment       0x000000000000002b       0x2c /usr/lib/gcc/arm-none-eabi/5.4.1/../../../arm-none-eabi/lib/libg.a(lib_a-init.o)
 .comment       0x000000000000002b       0x2c /usr/lib/gcc/arm-none-eabi/5.4.1/../../../arm-none-eabi/lib/libg.a(lib_a-malloc.o)
 .comment       0x000000000000002b       0x2c /usr/lib/gcc/arm-none-eabi/5.4.1/../../../arm-none-eabi/lib/libg.a(lib_a-mallocr.o)
 .comment       0x000000000000002b       0x2c /usr/lib/gcc/arm-none-eabi/5.4.1/../../../arm-none-eabi/lib/libg.a(lib_a-memcpy-stub.o)
 .comment       0x000000000000002b       0x2c /usr/lib/gcc/arm-none-eabi/5.4.1/../../../arm-none-eabi/lib/libg.a(lib_a-memset.o)
 .comment       0x000000000000002b       0x2c /usr/lib/gcc/arm-none-eabi/5.4.1/../../../arm-none-eabi/lib/libg.a(lib_a-mlock.o)
 .comment       0x000000000000002b       0x2c /usr/lib/gcc/arm-none-eabi/5.4.1/../../../arm-none-eabi/lib/libg.a(lib_a-printf.o)
 .comment       0x000000000000002b       0x2c /usr/lib/gcc/arm-none-eabi/5.4.1/../../../arm-none-eabi/lib/libg.a(lib_a-puts.o)
 .comment       0x000000000000002b       0x2c /usr/lib/gcc/arm-none-eabi/5.4.1/../../../arm-none-eabi/lib/libg.a(lib_a-sbrkr.o)
 .comment       0x000000000000002b       0x2c /usr/lib/gcc/arm-none-eabi/5.4.1/../../../arm-none-eabi/lib/libg.a(lib_a-strlen-stub.o)
 .comment       0x000000000000002b       0x2c /usr/lib/gcc/arm-none-eabi/5.4.1/../../../arm-none-eabi/lib/libg.a(lib_a-vfprintf.o)
 .comment       0x000000000000002b       0x2c /usr/lib/gcc/arm-none-eabi/5.4.1/../../../arm-none-eabi/lib/libg.a(lib_a-wsetup.o)
 .comment       0x000000000000002b       0x2c /usr/lib/gcc/arm-none-eabi/5.4.1/../../../arm-none-eabi/lib/libg.a(lib_a-__atexit.o)
 .comment       0x000000000000002b       0x2c /usr/lib/gcc/arm-none-eabi/5.4.1/../../../arm-none-eabi/lib/libg.a(lib_a-__call_atexit.o)
 .comment       0x000000000000002b       0x2c /usr/lib/gcc/arm-none-eabi/5.4.1/../../../arm-none-eabi/lib/libg.a(lib_a-dtoa.o)
 .comment       0x000000000000002b       0x2c /usr/lib/gcc/arm-none-eabi/5.4.1/../../../arm-none-eabi/lib/libg.a(lib_a-fflush.o)
 .comment       0x000000000000002b       0x2c /usr/lib/gcc/arm-none-eabi/5.4.1/../../../arm-none-eabi/lib/libg.a(lib_a-findfp.o)
 .comment       0x000000000000002b       0x2c /usr/lib/gcc/arm-none-eabi/5.4.1/../../../arm-none-eabi/lib/libg.a(lib_a-freer.o)
 .comment       0x000000000000002b       0x2c /usr/lib/gcc/arm-none-eabi/5.4.1/../../../arm-none-eabi/lib/libg.a(lib_a-fvwrite.o)
 .comment       0x000000000000002b       0x2c /usr/lib/gcc/arm-none-eabi/5.4.1/../../../arm-none-eabi/lib/libg.a(lib_a-fwalk.o)
 .comment       0x000000000000002b       0x2c /usr/lib/gcc/arm-none-eabi/5.4.1/../../../arm-none-eabi/lib/libg.a(lib_a-locale.o)
 .comment       0x000000000000002b       0x2c /usr/lib/gcc/arm-none-eabi/5.4.1/../../../arm-none-eabi/lib/libg.a(lib_a-makebuf.o)
 .comment       0x000000000000002b       0x2c /usr/lib/gcc/arm-none-eabi/5.4.1/../../../arm-none-eabi/lib/libg.a(lib_a-memchr-stub.o)
 .comment       0x000000000000002b       0x2c /usr/lib/gcc/arm-none-eabi/5.4.1/../../../arm-none-eabi/lib/libg.a(lib_a-memmove.o)
 .comment       0x000000000000002b       0x2c /usr/lib/gcc/arm-none-eabi/5.4.1/../../../arm-none-eabi/lib/libg.a(lib_a-mprec.o)
 .comment       0x000000000000002b       0x2c /usr/lib/gcc/arm-none-eabi/5.4.1/../../../arm-none-eabi/lib/libg.a(lib_a-reallocr.o)
 .comment       0x000000000000002b       0x2c /usr/lib/gcc/arm-none-eabi/5.4.1/../../../arm-none-eabi/lib/libg.a(lib_a-reent.o)
 .comment       0x000000000000002b       0x2c /usr/lib/gcc/arm-none-eabi/5.4.1/../../../arm-none-eabi/lib/libg.a(lib_a-stdio.o)
 .comment       0x000000000000002b       0x2c /usr/lib/gcc/arm-none-eabi/5.4.1/../../../arm-none-eabi/lib/libg.a(lib_a-vfiprintf.o)
 .comment       0x000000000000002b       0x2c /usr/lib/gcc/arm-none-eabi/5.4.1/../../../arm-none-eabi/lib/libg.a(lib_a-writer.o)
 .comment       0x000000000000002b       0x2c /usr/lib/gcc/arm-none-eabi/5.4.1/../../../arm-none-eabi/lib/libg.a(lib_a-callocr.o)
 .comment       0x000000000000002b       0x2c /usr/lib/gcc/arm-none-eabi/5.4.1/../../../arm-none-eabi/lib/libg.a(lib_a-closer.o)
 .comment       0x000000000000002b       0x2c /usr/lib/gcc/arm-none-eabi/5.4.1/../../../arm-none-eabi/lib/libg.a(lib_a-fclose.o)
 .comment       0x000000000000002b       0x2c /usr/lib/gcc/arm-none-eabi/5.4.1/../../../arm-none-eabi/lib/libg.a(lib_a-fputwc.o)
 .comment       0x000000000000002b       0x2c /usr/lib/gcc/arm-none-eabi/5.4.1/../../../arm-none-eabi/lib/libg.a(lib_a-fstatr.o)
 .comment       0x000000000000002b       0x2c /usr/lib/gcc/arm-none-eabi/5.4.1/../../../arm-none-eabi/lib/libg.a(lib_a-isattyr.o)
 .comment       0x000000000000002b       0x2c /usr/lib/gcc/arm-none-eabi/5.4.1/../../../arm-none-eabi/lib/libg.a(lib_a-lseekr.o)
 .comment       0x000000000000002b       0x2c /usr/lib/gcc/arm-none-eabi/5.4.1/../../../arm-none-eabi/lib/libg.a(lib_a-readr.o)
 .comment       0x000000000000002b       0x2c /usr/lib/gcc/arm-none-eabi/5.4.1/../../../arm-none-eabi/lib/libg.a(lib_a-wbuf.o)
 .comment       0x000000000000002b       0x2c /usr/lib/gcc/arm-none-eabi/5.4.1/../../../arm-none-eabi/lib/libg.a(lib_a-wcrtomb.o)
 .comment       0x000000000000002b       0x2c /usr/lib/gcc/arm-none-eabi/5.4.1/../../../arm-none-eabi/lib/libg.a(lib_a-wctomb_r.o)
 .comment       0x000000000000002b       0x2c /usr/lib/gcc/arm-none-eabi/5.4.1/libgcc.a(_udivmoddi4.o)
 .comment       0x000000000000002b       0x2c /usr/lib/gcc/arm-none-eabi/5.4.1/crtend.o

.debug_line     0x0000000000000000     0x6c99
 .debug_line    0x0000000000000000       0x92 /usr/lib/gcc/arm-none-eabi/5.4.1/../../../arm-none-eabi/lib/crt0.o
 .debug_line    0x0000000000000092       0xf9 ./conversion.o
 .debug_line    0x000000000000018b       0x8e ./debug.o
 .debug_line    0x0000000000000219      0x143 ./memory.o
 .debug_line    0x000000000000035c       0x38 ./main.o
 .debug_line    0x0000000000000394      0x1e0 ./project1.o
 .debug_line    0x0000000000000574       0xf9 ./system_MKL25Z4.o
 .debug_line    0x000000000000066d       0x5a ./startup_MKL25Z4.o
 .debug_line    0x00000000000006c7       0x78 /usr/lib/gcc/arm-none-eabi/5.4.1/libgcc.a(_udivsi3.o)
 .debug_line    0x000000000000073f       0x5b /usr/lib/gcc/arm-none-eabi/5.4.1/libgcc.a(_dvmd_tls.o)
 .debug_line    0x000000000000079a       0xb5 /usr/lib/gcc/arm-none-eabi/5.4.1/../../../arm-none-eabi/lib/libg.a(lib_a-atexit.o)
 .debug_line    0x000000000000084f      0x15c /usr/lib/gcc/arm-none-eabi/5.4.1/../../../arm-none-eabi/lib/libg.a(lib_a-exit.o)
 .debug_line    0x00000000000009ab       0x99 /usr/lib/gcc/arm-none-eabi/5.4.1/../../../arm-none-eabi/lib/libg.a(lib_a-fini.o)
 .debug_line    0x0000000000000a44       0xe3 /usr/lib/gcc/arm-none-eabi/5.4.1/../../../arm-none-eabi/lib/libg.a(lib_a-impure.o)
 .debug_line    0x0000000000000b27       0xb3 /usr/lib/gcc/arm-none-eabi/5.4.1/../../../arm-none-eabi/lib/libg.a(lib_a-init.o)
 .debug_line    0x0000000000000bda      0x144 /usr/lib/gcc/arm-none-eabi/5.4.1/../../../arm-none-eabi/lib/libg.a(lib_a-malloc.o)
 .debug_line    0x0000000000000d1e      0x341 /usr/lib/gcc/arm-none-eabi/5.4.1/../../../arm-none-eabi/lib/libg.a(lib_a-mallocr.o)
 .debug_line    0x000000000000105f      0x128 /usr/lib/gcc/arm-none-eabi/5.4.1/../../../arm-none-eabi/lib/libg.a(lib_a-memcpy-stub.o)
 .debug_line    0x0000000000001187      0x10f /usr/lib/gcc/arm-none-eabi/5.4.1/../../../arm-none-eabi/lib/libg.a(lib_a-memset.o)
 .debug_line    0x0000000000001296       0xf2 /usr/lib/gcc/arm-none-eabi/5.4.1/../../../arm-none-eabi/lib/libg.a(lib_a-mlock.o)
 .debug_line    0x0000000000001388      0x166 /usr/lib/gcc/arm-none-eabi/5.4.1/../../../arm-none-eabi/lib/libg.a(lib_a-printf.o)
 .debug_line    0x00000000000014ee      0x18a /usr/lib/gcc/arm-none-eabi/5.4.1/../../../arm-none-eabi/lib/libg.a(lib_a-puts.o)
 .debug_line    0x0000000000001678      0x152 /usr/lib/gcc/arm-none-eabi/5.4.1/../../../arm-none-eabi/lib/libg.a(lib_a-sbrkr.o)
 .debug_line    0x00000000000017ca       0xe8 /usr/lib/gcc/arm-none-eabi/5.4.1/../../../arm-none-eabi/lib/libg.a(lib_a-strlen-stub.o)
 .debug_line    0x00000000000018b2      0xb03 /usr/lib/gcc/arm-none-eabi/5.4.1/../../../arm-none-eabi/lib/libg.a(lib_a-vfprintf.o)
 .debug_line    0x00000000000023b5      0x1bd /usr/lib/gcc/arm-none-eabi/5.4.1/../../../arm-none-eabi/lib/libg.a(lib_a-wsetup.o)
 .debug_line    0x0000000000002572      0x17d /usr/lib/gcc/arm-none-eabi/5.4.1/../../../arm-none-eabi/lib/libg.a(lib_a-__atexit.o)
 .debug_line    0x00000000000026ef      0x1a5 /usr/lib/gcc/arm-none-eabi/5.4.1/../../../arm-none-eabi/lib/libg.a(lib_a-__call_atexit.o)
 .debug_line    0x0000000000002894      0x653 /usr/lib/gcc/arm-none-eabi/5.4.1/../../../arm-none-eabi/lib/libg.a(lib_a-dtoa.o)
 .debug_line    0x0000000000002ee7      0x22a /usr/lib/gcc/arm-none-eabi/5.4.1/../../../arm-none-eabi/lib/libg.a(lib_a-fflush.o)
 .debug_line    0x0000000000003111      0x256 /usr/lib/gcc/arm-none-eabi/5.4.1/../../../arm-none-eabi/lib/libg.a(lib_a-findfp.o)
 .debug_line    0x0000000000003367      0x253 /usr/lib/gcc/arm-none-eabi/5.4.1/../../../arm-none-eabi/lib/libg.a(lib_a-freer.o)
 .debug_line    0x00000000000035ba      0x279 /usr/lib/gcc/arm-none-eabi/5.4.1/../../../arm-none-eabi/lib/libg.a(lib_a-fvwrite.o)
 .debug_line    0x0000000000003833      0x17c /usr/lib/gcc/arm-none-eabi/5.4.1/../../../arm-none-eabi/lib/libg.a(lib_a-fwalk.o)
 .debug_line    0x00000000000039af      0x184 /usr/lib/gcc/arm-none-eabi/5.4.1/../../../arm-none-eabi/lib/libg.a(lib_a-locale.o)
 .debug_line    0x0000000000003b33      0x240 /usr/lib/gcc/arm-none-eabi/5.4.1/../../../arm-none-eabi/lib/libg.a(lib_a-makebuf.o)
 .debug_line    0x0000000000003d73      0x120 /usr/lib/gcc/arm-none-eabi/5.4.1/../../../arm-none-eabi/lib/libg.a(lib_a-memchr-stub.o)
 .debug_line    0x0000000000003e93      0x11c /usr/lib/gcc/arm-none-eabi/5.4.1/../../../arm-none-eabi/lib/libg.a(lib_a-memmove.o)
 .debug_line    0x0000000000003faf      0x5cc /usr/lib/gcc/arm-none-eabi/5.4.1/../../../arm-none-eabi/lib/libg.a(lib_a-mprec.o)
 .debug_line    0x000000000000457b      0x249 /usr/lib/gcc/arm-none-eabi/5.4.1/../../../arm-none-eabi/lib/libg.a(lib_a-reallocr.o)
 .debug_line    0x00000000000047c4      0x177 /usr/lib/gcc/arm-none-eabi/5.4.1/../../../arm-none-eabi/lib/libg.a(lib_a-reent.o)
 .debug_line    0x000000000000493b      0x17b /usr/lib/gcc/arm-none-eabi/5.4.1/../../../arm-none-eabi/lib/libg.a(lib_a-stdio.o)
 .debug_line    0x0000000000004ab6       0xf9 /usr/lib/gcc/arm-none-eabi/5.4.1/../../../arm-none-eabi/lib/libg.a(lib_a-strcmp.o)
 .debug_line    0x0000000000004baf      0x906 /usr/lib/gcc/arm-none-eabi/5.4.1/../../../arm-none-eabi/lib/libg.a(lib_a-vfiprintf.o)
 .debug_line    0x00000000000054b5      0x150 /usr/lib/gcc/arm-none-eabi/5.4.1/../../../arm-none-eabi/lib/libg.a(lib_a-writer.o)
 .debug_line    0x0000000000005605      0x11d /usr/lib/gcc/arm-none-eabi/5.4.1/../../../arm-none-eabi/lib/libg.a(lib_a-callocr.o)
 .debug_line    0x0000000000005722      0x150 /usr/lib/gcc/arm-none-eabi/5.4.1/../../../arm-none-eabi/lib/libg.a(lib_a-closer.o)
 .debug_line    0x0000000000005872      0x18f /usr/lib/gcc/arm-none-eabi/5.4.1/../../../arm-none-eabi/lib/libg.a(lib_a-fclose.o)
 .debug_line    0x0000000000005a01      0x1c3 /usr/lib/gcc/arm-none-eabi/5.4.1/../../../arm-none-eabi/lib/libg.a(lib_a-fputwc.o)
 .debug_line    0x0000000000005bc4      0x1ce /usr/lib/gcc/arm-none-eabi/5.4.1/../../../arm-none-eabi/lib/libg.a(lib_a-fstatr.o)
 .debug_line    0x0000000000005d92      0x151 /usr/lib/gcc/arm-none-eabi/5.4.1/../../../arm-none-eabi/lib/libg.a(lib_a-isattyr.o)
 .debug_line    0x0000000000005ee3      0x150 /usr/lib/gcc/arm-none-eabi/5.4.1/../../../arm-none-eabi/lib/libg.a(lib_a-lseekr.o)
 .debug_line    0x0000000000006033      0x14f /usr/lib/gcc/arm-none-eabi/5.4.1/../../../arm-none-eabi/lib/libg.a(lib_a-readr.o)
 .debug_line    0x0000000000006182      0x19f /usr/lib/gcc/arm-none-eabi/5.4.1/../../../arm-none-eabi/lib/libg.a(lib_a-wbuf.o)
 .debug_line    0x0000000000006321      0x179 /usr/lib/gcc/arm-none-eabi/5.4.1/../../../arm-none-eabi/lib/libg.a(lib_a-wcrtomb.o)
 .debug_line    0x000000000000649a      0x167 /usr/lib/gcc/arm-none-eabi/5.4.1/../../../arm-none-eabi/lib/libg.a(lib_a-wctomb_r.o)
 .debug_line    0x0000000000006601       0x84 /usr/lib/gcc/arm-none-eabi/5.4.1/libgcc.a(_divsi3.o)
 .debug_line    0x0000000000006685      0x15e /usr/lib/gcc/arm-none-eabi/5.4.1/libgcc.a(_arm_addsubdf3.o)
 .debug_line    0x00000000000067e3      0x17a /usr/lib/gcc/arm-none-eabi/5.4.1/libgcc.a(_arm_muldivdf3.o)
 .debug_line    0x000000000000695d       0xa8 /usr/lib/gcc/arm-none-eabi/5.4.1/libgcc.a(_arm_cmpdf2.o)
 .debug_line    0x0000000000006a05       0x69 /usr/lib/gcc/arm-none-eabi/5.4.1/libgcc.a(_arm_unorddf2.o)
 .debug_line    0x0000000000006a6e       0x72 /usr/lib/gcc/arm-none-eabi/5.4.1/libgcc.a(_arm_fixdfsi.o)
 .debug_line    0x0000000000006ae0       0x5b /usr/lib/gcc/arm-none-eabi/5.4.1/libgcc.a(_aeabi_uldivmod.o)
 .debug_line    0x0000000000006b3b       0x91 /usr/lib/gcc/arm-none-eabi/5.4.1/libgcc.a(_udivmoddi4.o)
 .debug_line    0x0000000000006bcc       0x65 /usr/lib/gcc/arm-none-eabi/5.4.1/libgcc.a(_clzdi2.o)
 .debug_line    0x0000000000006c31       0x68 /usr/lib/gcc/arm-none-eabi/5.4.1/libgcc.a(_clzsi2.o)

.debug_info     0x0000000000000000    0x1c912
 .debug_info    0x0000000000000000       0x92 /usr/lib/gcc/arm-none-eabi/5.4.1/../../../arm-none-eabi/lib/crt0.o
 .debug_info    0x0000000000000092      0x322 ./conversion.o
 .debug_info    0x00000000000003b4       0xde ./debug.o
 .debug_info    0x0000000000000492      0x2df ./memory.o
 .debug_info    0x0000000000000771       0x8f ./main.o
 .debug_info    0x0000000000000800      0x405 ./project1.o
 .debug_info    0x0000000000000c05      0x3e9 ./system_MKL25Z4.o
 .debug_info    0x0000000000000fee       0x57 ./startup_MKL25Z4.o
 .debug_info    0x0000000000001045       0xae /usr/lib/gcc/arm-none-eabi/5.4.1/libgcc.a(_udivsi3.o)
 .debug_info    0x00000000000010f3       0xae /usr/lib/gcc/arm-none-eabi/5.4.1/libgcc.a(_dvmd_tls.o)
 .debug_info    0x00000000000011a1       0xfe /usr/lib/gcc/arm-none-eabi/5.4.1/../../../arm-none-eabi/lib/libg.a(lib_a-atexit.o)
 .debug_info    0x000000000000129f      0x8de /usr/lib/gcc/arm-none-eabi/5.4.1/../../../arm-none-eabi/lib/libg.a(lib_a-exit.o)
 .debug_info    0x0000000000001b7d       0xfa /usr/lib/gcc/arm-none-eabi/5.4.1/../../../arm-none-eabi/lib/libg.a(lib_a-fini.o)
 .debug_info    0x0000000000001c77      0x89b /usr/lib/gcc/arm-none-eabi/5.4.1/../../../arm-none-eabi/lib/libg.a(lib_a-impure.o)
 .debug_info    0x0000000000002512      0x110 /usr/lib/gcc/arm-none-eabi/5.4.1/../../../arm-none-eabi/lib/libg.a(lib_a-init.o)
 .debug_info    0x0000000000002622      0x906 /usr/lib/gcc/arm-none-eabi/5.4.1/../../../arm-none-eabi/lib/libg.a(lib_a-malloc.o)
 .debug_info    0x0000000000002f28      0xd4c /usr/lib/gcc/arm-none-eabi/5.4.1/../../../arm-none-eabi/lib/libg.a(lib_a-mallocr.o)
 .debug_info    0x0000000000003c74      0x142 /usr/lib/gcc/arm-none-eabi/5.4.1/../../../arm-none-eabi/lib/libg.a(lib_a-memcpy-stub.o)
 .debug_info    0x0000000000003db6      0x11e /usr/lib/gcc/arm-none-eabi/5.4.1/../../../arm-none-eabi/lib/libg.a(lib_a-memset.o)
 .debug_info    0x0000000000003ed4      0x8a8 /usr/lib/gcc/arm-none-eabi/5.4.1/../../../arm-none-eabi/lib/libg.a(lib_a-mlock.o)
 .debug_info    0x000000000000477c      0x98d /usr/lib/gcc/arm-none-eabi/5.4.1/../../../arm-none-eabi/lib/libg.a(lib_a-printf.o)
 .debug_info    0x0000000000005109      0xa2f /usr/lib/gcc/arm-none-eabi/5.4.1/../../../arm-none-eabi/lib/libg.a(lib_a-puts.o)
 .debug_info    0x0000000000005b38      0x8f5 /usr/lib/gcc/arm-none-eabi/5.4.1/../../../arm-none-eabi/lib/libg.a(lib_a-sbrkr.o)
 .debug_info    0x000000000000642d       0xbc /usr/lib/gcc/arm-none-eabi/5.4.1/../../../arm-none-eabi/lib/libg.a(lib_a-strlen-stub.o)
 .debug_info    0x00000000000064e9     0x1732 /usr/lib/gcc/arm-none-eabi/5.4.1/../../../arm-none-eabi/lib/libg.a(lib_a-vfprintf.o)
 .debug_info    0x0000000000007c1b      0x92b /usr/lib/gcc/arm-none-eabi/5.4.1/../../../arm-none-eabi/lib/libg.a(lib_a-wsetup.o)
 .debug_info    0x0000000000008546      0x92e /usr/lib/gcc/arm-none-eabi/5.4.1/../../../arm-none-eabi/lib/libg.a(lib_a-__atexit.o)
 .debug_info    0x0000000000008e74      0x9a5 /usr/lib/gcc/arm-none-eabi/5.4.1/../../../arm-none-eabi/lib/libg.a(lib_a-__call_atexit.o)
 .debug_info    0x0000000000009819     0x1268 /usr/lib/gcc/arm-none-eabi/5.4.1/../../../arm-none-eabi/lib/libg.a(lib_a-dtoa.o)
 .debug_info    0x000000000000aa81      0xa8c /usr/lib/gcc/arm-none-eabi/5.4.1/../../../arm-none-eabi/lib/libg.a(lib_a-fflush.o)
 .debug_info    0x000000000000b50d      0xd49 /usr/lib/gcc/arm-none-eabi/5.4.1/../../../arm-none-eabi/lib/libg.a(lib_a-findfp.o)
 .debug_info    0x000000000000c256      0xbff /usr/lib/gcc/arm-none-eabi/5.4.1/../../../arm-none-eabi/lib/libg.a(lib_a-freer.o)
 .debug_info    0x000000000000ce55      0xbcd /usr/lib/gcc/arm-none-eabi/5.4.1/../../../arm-none-eabi/lib/libg.a(lib_a-fvwrite.o)
 .debug_info    0x000000000000da22      0x9a5 /usr/lib/gcc/arm-none-eabi/5.4.1/../../../arm-none-eabi/lib/libg.a(lib_a-fwalk.o)
 .debug_info    0x000000000000e3c7      0xc1c /usr/lib/gcc/arm-none-eabi/5.4.1/../../../arm-none-eabi/lib/libg.a(lib_a-locale.o)
 .debug_info    0x000000000000efe3      0xc2a /usr/lib/gcc/arm-none-eabi/5.4.1/../../../arm-none-eabi/lib/libg.a(lib_a-makebuf.o)
 .debug_info    0x000000000000fc0d      0x132 /usr/lib/gcc/arm-none-eabi/5.4.1/../../../arm-none-eabi/lib/libg.a(lib_a-memchr-stub.o)
 .debug_info    0x000000000000fd3f      0x138 /usr/lib/gcc/arm-none-eabi/5.4.1/../../../arm-none-eabi/lib/libg.a(lib_a-memmove.o)
 .debug_info    0x000000000000fe77     0x16c5 /usr/lib/gcc/arm-none-eabi/5.4.1/../../../arm-none-eabi/lib/libg.a(lib_a-mprec.o)
 .debug_info    0x000000000001153c      0xc94 /usr/lib/gcc/arm-none-eabi/5.4.1/../../../arm-none-eabi/lib/libg.a(lib_a-reallocr.o)
 .debug_info    0x00000000000121d0      0x9fa /usr/lib/gcc/arm-none-eabi/5.4.1/../../../arm-none-eabi/lib/libg.a(lib_a-reent.o)
 .debug_info    0x0000000000012bca      0xb28 /usr/lib/gcc/arm-none-eabi/5.4.1/../../../arm-none-eabi/lib/libg.a(lib_a-stdio.o)
 .debug_info    0x00000000000136f2       0xb6 /usr/lib/gcc/arm-none-eabi/5.4.1/../../../arm-none-eabi/lib/libg.a(lib_a-strcmp.o)
 .debug_info    0x00000000000137a8     0x14d3 /usr/lib/gcc/arm-none-eabi/5.4.1/../../../arm-none-eabi/lib/libg.a(lib_a-vfiprintf.o)
 .debug_info    0x0000000000014c7b      0x934 /usr/lib/gcc/arm-none-eabi/5.4.1/../../../arm-none-eabi/lib/libg.a(lib_a-writer.o)
 .debug_info    0x00000000000155af      0x9cc /usr/lib/gcc/arm-none-eabi/5.4.1/../../../arm-none-eabi/lib/libg.a(lib_a-callocr.o)
 .debug_info    0x0000000000015f7b      0x8eb /usr/lib/gcc/arm-none-eabi/5.4.1/../../../arm-none-eabi/lib/libg.a(lib_a-closer.o)
 .debug_info    0x0000000000016866      0xa18 /usr/lib/gcc/arm-none-eabi/5.4.1/../../../arm-none-eabi/lib/libg.a(lib_a-fclose.o)
 .debug_info    0x000000000001727e      0xb32 /usr/lib/gcc/arm-none-eabi/5.4.1/../../../arm-none-eabi/lib/libg.a(lib_a-fputwc.o)
 .debug_info    0x0000000000017db0      0xacc /usr/lib/gcc/arm-none-eabi/5.4.1/../../../arm-none-eabi/lib/libg.a(lib_a-fstatr.o)
 .debug_info    0x000000000001887c      0x8eb /usr/lib/gcc/arm-none-eabi/5.4.1/../../../arm-none-eabi/lib/libg.a(lib_a-isattyr.o)
 .debug_info    0x0000000000019167      0x917 /usr/lib/gcc/arm-none-eabi/5.4.1/../../../arm-none-eabi/lib/libg.a(lib_a-lseekr.o)
 .debug_info    0x0000000000019a7e      0x92d /usr/lib/gcc/arm-none-eabi/5.4.1/../../../arm-none-eabi/lib/libg.a(lib_a-readr.o)
 .debug_info    0x000000000001a3ab      0x9b3 /usr/lib/gcc/arm-none-eabi/5.4.1/../../../arm-none-eabi/lib/libg.a(lib_a-wbuf.o)
 .debug_info    0x000000000001ad5e      0xa88 /usr/lib/gcc/arm-none-eabi/5.4.1/../../../arm-none-eabi/lib/libg.a(lib_a-wcrtomb.o)
 .debug_info    0x000000000001b7e6      0x9be /usr/lib/gcc/arm-none-eabi/5.4.1/../../../arm-none-eabi/lib/libg.a(lib_a-wctomb_r.o)
 .debug_info    0x000000000001c1a4       0xae /usr/lib/gcc/arm-none-eabi/5.4.1/libgcc.a(_divsi3.o)
 .debug_info    0x000000000001c252       0xaf /usr/lib/gcc/arm-none-eabi/5.4.1/libgcc.a(_arm_addsubdf3.o)
 .debug_info    0x000000000001c301       0xaf /usr/lib/gcc/arm-none-eabi/5.4.1/libgcc.a(_arm_muldivdf3.o)
 .debug_info    0x000000000001c3b0       0xaf /usr/lib/gcc/arm-none-eabi/5.4.1/libgcc.a(_arm_cmpdf2.o)
 .debug_info    0x000000000001c45f       0xaf /usr/lib/gcc/arm-none-eabi/5.4.1/libgcc.a(_arm_unorddf2.o)
 .debug_info    0x000000000001c50e       0xaf /usr/lib/gcc/arm-none-eabi/5.4.1/libgcc.a(_arm_fixdfsi.o)
 .debug_info    0x000000000001c5bd       0xaa /usr/lib/gcc/arm-none-eabi/5.4.1/libgcc.a(_aeabi_uldivmod.o)
 .debug_info    0x000000000001c667      0x14f /usr/lib/gcc/arm-none-eabi/5.4.1/libgcc.a(_udivmoddi4.o)
 .debug_info    0x000000000001c7b6       0xae /usr/lib/gcc/arm-none-eabi/5.4.1/libgcc.a(_clzdi2.o)
 .debug_info    0x000000000001c864       0xae /usr/lib/gcc/arm-none-eabi/5.4.1/libgcc.a(_clzsi2.o)

.debug_abbrev   0x0000000000000000     0x60fe
 .debug_abbrev  0x0000000000000000       0x14 /usr/lib/gcc/arm-none-eabi/5.4.1/../../../arm-none-eabi/lib/crt0.o
 .debug_abbrev  0x0000000000000014       0xd7 ./conversion.o
 .debug_abbrev  0x00000000000000eb       0x69 ./debug.o
 .debug_abbrev  0x0000000000000154       0xd5 ./memory.o
 .debug_abbrev  0x0000000000000229       0x42 ./main.o
 .debug_abbrev  0x000000000000026b       0xe3 ./project1.o
 .debug_abbrev  0x000000000000034e      0x106 ./system_MKL25Z4.o
 .debug_abbrev  0x0000000000000454       0x14 ./startup_MKL25Z4.o
 .debug_abbrev  0x0000000000000468       0x14 /usr/lib/gcc/arm-none-eabi/5.4.1/libgcc.a(_udivsi3.o)
 .debug_abbrev  0x000000000000047c       0x14 /usr/lib/gcc/arm-none-eabi/5.4.1/libgcc.a(_dvmd_tls.o)
 .debug_abbrev  0x0000000000000490       0xa7 /usr/lib/gcc/arm-none-eabi/5.4.1/../../../arm-none-eabi/lib/libg.a(lib_a-atexit.o)
 .debug_abbrev  0x0000000000000537      0x1d6 /usr/lib/gcc/arm-none-eabi/5.4.1/../../../arm-none-eabi/lib/libg.a(lib_a-exit.o)
 .debug_abbrev  0x000000000000070d       0xba /usr/lib/gcc/arm-none-eabi/5.4.1/../../../arm-none-eabi/lib/libg.a(lib_a-fini.o)
 .debug_abbrev  0x00000000000007c7      0x180 /usr/lib/gcc/arm-none-eabi/5.4.1/../../../arm-none-eabi/lib/libg.a(lib_a-impure.o)
 .debug_abbrev  0x0000000000000947       0xba /usr/lib/gcc/arm-none-eabi/5.4.1/../../../arm-none-eabi/lib/libg.a(lib_a-init.o)
 .debug_abbrev  0x0000000000000a01      0x1e2 /usr/lib/gcc/arm-none-eabi/5.4.1/../../../arm-none-eabi/lib/libg.a(lib_a-malloc.o)
 .debug_abbrev  0x0000000000000be3      0x29d /usr/lib/gcc/arm-none-eabi/5.4.1/../../../arm-none-eabi/lib/libg.a(lib_a-mallocr.o)
 .debug_abbrev  0x0000000000000e80       0xb2 /usr/lib/gcc/arm-none-eabi/5.4.1/../../../arm-none-eabi/lib/libg.a(lib_a-memcpy-stub.o)
 .debug_abbrev  0x0000000000000f32       0x9f /usr/lib/gcc/arm-none-eabi/5.4.1/../../../arm-none-eabi/lib/libg.a(lib_a-memset.o)
 .debug_abbrev  0x0000000000000fd1      0x1ac /usr/lib/gcc/arm-none-eabi/5.4.1/../../../arm-none-eabi/lib/libg.a(lib_a-mlock.o)
 .debug_abbrev  0x000000000000117d      0x22a /usr/lib/gcc/arm-none-eabi/5.4.1/../../../arm-none-eabi/lib/libg.a(lib_a-printf.o)
 .debug_abbrev  0x00000000000013a7      0x247 /usr/lib/gcc/arm-none-eabi/5.4.1/../../../arm-none-eabi/lib/libg.a(lib_a-puts.o)
 .debug_abbrev  0x00000000000015ee      0x1fb /usr/lib/gcc/arm-none-eabi/5.4.1/../../../arm-none-eabi/lib/libg.a(lib_a-sbrkr.o)
 .debug_abbrev  0x00000000000017e9       0x70 /usr/lib/gcc/arm-none-eabi/5.4.1/../../../arm-none-eabi/lib/libg.a(lib_a-strlen-stub.o)
 .debug_abbrev  0x0000000000001859      0x3a9 /usr/lib/gcc/arm-none-eabi/5.4.1/../../../arm-none-eabi/lib/libg.a(lib_a-vfprintf.o)
 .debug_abbrev  0x0000000000001c02      0x209 /usr/lib/gcc/arm-none-eabi/5.4.1/../../../arm-none-eabi/lib/libg.a(lib_a-wsetup.o)
 .debug_abbrev  0x0000000000001e0b      0x20f /usr/lib/gcc/arm-none-eabi/5.4.1/../../../arm-none-eabi/lib/libg.a(lib_a-__atexit.o)
 .debug_abbrev  0x000000000000201a      0x26d /usr/lib/gcc/arm-none-eabi/5.4.1/../../../arm-none-eabi/lib/libg.a(lib_a-__call_atexit.o)
 .debug_abbrev  0x0000000000002287      0x2bc /usr/lib/gcc/arm-none-eabi/5.4.1/../../../arm-none-eabi/lib/libg.a(lib_a-dtoa.o)
 .debug_abbrev  0x0000000000002543      0x29c /usr/lib/gcc/arm-none-eabi/5.4.1/../../../arm-none-eabi/lib/libg.a(lib_a-fflush.o)
 .debug_abbrev  0x00000000000027df      0x355 /usr/lib/gcc/arm-none-eabi/5.4.1/../../../arm-none-eabi/lib/libg.a(lib_a-findfp.o)
 .debug_abbrev  0x0000000000002b34      0x254 /usr/lib/gcc/arm-none-eabi/5.4.1/../../../arm-none-eabi/lib/libg.a(lib_a-freer.o)
 .debug_abbrev  0x0000000000002d88      0x219 /usr/lib/gcc/arm-none-eabi/5.4.1/../../../arm-none-eabi/lib/libg.a(lib_a-fvwrite.o)
 .debug_abbrev  0x0000000000002fa1      0x1c2 /usr/lib/gcc/arm-none-eabi/5.4.1/../../../arm-none-eabi/lib/libg.a(lib_a-fwalk.o)
 .debug_abbrev  0x0000000000003163      0x2a8 /usr/lib/gcc/arm-none-eabi/5.4.1/../../../arm-none-eabi/lib/libg.a(lib_a-locale.o)
 .debug_abbrev  0x000000000000340b      0x29a /usr/lib/gcc/arm-none-eabi/5.4.1/../../../arm-none-eabi/lib/libg.a(lib_a-makebuf.o)
 .debug_abbrev  0x00000000000036a5       0xab /usr/lib/gcc/arm-none-eabi/5.4.1/../../../arm-none-eabi/lib/libg.a(lib_a-memchr-stub.o)
 .debug_abbrev  0x0000000000003750       0xab /usr/lib/gcc/arm-none-eabi/5.4.1/../../../arm-none-eabi/lib/libg.a(lib_a-memmove.o)
 .debug_abbrev  0x00000000000037fb      0x3b9 /usr/lib/gcc/arm-none-eabi/5.4.1/../../../arm-none-eabi/lib/libg.a(lib_a-mprec.o)
 .debug_abbrev  0x0000000000003bb4      0x22c /usr/lib/gcc/arm-none-eabi/5.4.1/../../../arm-none-eabi/lib/libg.a(lib_a-reallocr.o)
 .debug_abbrev  0x0000000000003de0      0x25c /usr/lib/gcc/arm-none-eabi/5.4.1/../../../arm-none-eabi/lib/libg.a(lib_a-reent.o)
 .debug_abbrev  0x000000000000403c      0x20f /usr/lib/gcc/arm-none-eabi/5.4.1/../../../arm-none-eabi/lib/libg.a(lib_a-stdio.o)
 .debug_abbrev  0x000000000000424b       0x14 /usr/lib/gcc/arm-none-eabi/5.4.1/../../../arm-none-eabi/lib/libg.a(lib_a-strcmp.o)
 .debug_abbrev  0x000000000000425f      0x3b2 /usr/lib/gcc/arm-none-eabi/5.4.1/../../../arm-none-eabi/lib/libg.a(lib_a-vfiprintf.o)
 .debug_abbrev  0x0000000000004611      0x1fb /usr/lib/gcc/arm-none-eabi/5.4.1/../../../arm-none-eabi/lib/libg.a(lib_a-writer.o)
 .debug_abbrev  0x000000000000480c      0x207 /usr/lib/gcc/arm-none-eabi/5.4.1/../../../arm-none-eabi/lib/libg.a(lib_a-callocr.o)
 .debug_abbrev  0x0000000000004a13      0x1f6 /usr/lib/gcc/arm-none-eabi/5.4.1/../../../arm-none-eabi/lib/libg.a(lib_a-closer.o)
 .debug_abbrev  0x0000000000004c09      0x293 /usr/lib/gcc/arm-none-eabi/5.4.1/../../../arm-none-eabi/lib/libg.a(lib_a-fclose.o)
 .debug_abbrev  0x0000000000004e9c      0x2d4 /usr/lib/gcc/arm-none-eabi/5.4.1/../../../arm-none-eabi/lib/libg.a(lib_a-fputwc.o)
 .debug_abbrev  0x0000000000005170      0x205 /usr/lib/gcc/arm-none-eabi/5.4.1/../../../arm-none-eabi/lib/libg.a(lib_a-fstatr.o)
 .debug_abbrev  0x0000000000005375      0x1f6 /usr/lib/gcc/arm-none-eabi/5.4.1/../../../arm-none-eabi/lib/libg.a(lib_a-isattyr.o)
 .debug_abbrev  0x000000000000556b      0x205 /usr/lib/gcc/arm-none-eabi/5.4.1/../../../arm-none-eabi/lib/libg.a(lib_a-lseekr.o)
 .debug_abbrev  0x0000000000005770      0x1f6 /usr/lib/gcc/arm-none-eabi/5.4.1/../../../arm-none-eabi/lib/libg.a(lib_a-readr.o)
 .debug_abbrev  0x0000000000005966      0x242 /usr/lib/gcc/arm-none-eabi/5.4.1/../../../arm-none-eabi/lib/libg.a(lib_a-wbuf.o)
 .debug_abbrev  0x0000000000005ba8      0x218 /usr/lib/gcc/arm-none-eabi/5.4.1/../../../arm-none-eabi/lib/libg.a(lib_a-wcrtomb.o)
 .debug_abbrev  0x0000000000005dc0      0x201 /usr/lib/gcc/arm-none-eabi/5.4.1/../../../arm-none-eabi/lib/libg.a(lib_a-wctomb_r.o)
 .debug_abbrev  0x0000000000005fc1       0x14 /usr/lib/gcc/arm-none-eabi/5.4.1/libgcc.a(_divsi3.o)
 .debug_abbrev  0x0000000000005fd5       0x14 /usr/lib/gcc/arm-none-eabi/5.4.1/libgcc.a(_arm_addsubdf3.o)
 .debug_abbrev  0x0000000000005fe9       0x14 /usr/lib/gcc/arm-none-eabi/5.4.1/libgcc.a(_arm_muldivdf3.o)
 .debug_abbrev  0x0000000000005ffd       0x14 /usr/lib/gcc/arm-none-eabi/5.4.1/libgcc.a(_arm_cmpdf2.o)
 .debug_abbrev  0x0000000000006011       0x14 /usr/lib/gcc/arm-none-eabi/5.4.1/libgcc.a(_arm_unorddf2.o)
 .debug_abbrev  0x0000000000006025       0x14 /usr/lib/gcc/arm-none-eabi/5.4.1/libgcc.a(_arm_fixdfsi.o)
 .debug_abbrev  0x0000000000006039       0x14 /usr/lib/gcc/arm-none-eabi/5.4.1/libgcc.a(_aeabi_uldivmod.o)
 .debug_abbrev  0x000000000000604d       0x89 /usr/lib/gcc/arm-none-eabi/5.4.1/libgcc.a(_udivmoddi4.o)
 .debug_abbrev  0x00000000000060d6       0x14 /usr/lib/gcc/arm-none-eabi/5.4.1/libgcc.a(_clzdi2.o)
 .debug_abbrev  0x00000000000060ea       0x14 /usr/lib/gcc/arm-none-eabi/5.4.1/libgcc.a(_clzsi2.o)

.debug_aranges  0x0000000000000000      0x840
 .debug_aranges
                0x0000000000000000       0x20 /usr/lib/gcc/arm-none-eabi/5.4.1/../../../arm-none-eabi/lib/crt0.o
 .debug_aranges
                0x0000000000000020       0x20 ./conversion.o
 .debug_aranges
                0x0000000000000040       0x20 ./debug.o
 .debug_aranges
                0x0000000000000060       0x20 ./memory.o
 .debug_aranges
                0x0000000000000080       0x20 ./main.o
 .debug_aranges
                0x00000000000000a0       0x20 ./project1.o
 .debug_aranges
                0x00000000000000c0       0x20 ./system_MKL25Z4.o
 .debug_aranges
                0x00000000000000e0       0x20 ./startup_MKL25Z4.o
 .debug_aranges
                0x0000000000000100       0x20 /usr/lib/gcc/arm-none-eabi/5.4.1/libgcc.a(_udivsi3.o)
 .debug_aranges
                0x0000000000000120       0x20 /usr/lib/gcc/arm-none-eabi/5.4.1/libgcc.a(_dvmd_tls.o)
 .debug_aranges
                0x0000000000000140       0x20 /usr/lib/gcc/arm-none-eabi/5.4.1/../../../arm-none-eabi/lib/libg.a(lib_a-atexit.o)
 .debug_aranges
                0x0000000000000160       0x20 /usr/lib/gcc/arm-none-eabi/5.4.1/../../../arm-none-eabi/lib/libg.a(lib_a-exit.o)
 .debug_aranges
                0x0000000000000180       0x20 /usr/lib/gcc/arm-none-eabi/5.4.1/../../../arm-none-eabi/lib/libg.a(lib_a-fini.o)
 .debug_aranges
                0x00000000000001a0       0x18 /usr/lib/gcc/arm-none-eabi/5.4.1/../../../arm-none-eabi/lib/libg.a(lib_a-impure.o)
 .debug_aranges
                0x00000000000001b8       0x20 /usr/lib/gcc/arm-none-eabi/5.4.1/../../../arm-none-eabi/lib/libg.a(lib_a-init.o)
 .debug_aranges
                0x00000000000001d8       0x20 /usr/lib/gcc/arm-none-eabi/5.4.1/../../../arm-none-eabi/lib/libg.a(lib_a-malloc.o)
 .debug_aranges
                0x00000000000001f8       0x20 /usr/lib/gcc/arm-none-eabi/5.4.1/../../../arm-none-eabi/lib/libg.a(lib_a-mallocr.o)
 .debug_aranges
                0x0000000000000218       0x20 /usr/lib/gcc/arm-none-eabi/5.4.1/../../../arm-none-eabi/lib/libg.a(lib_a-memcpy-stub.o)
 .debug_aranges
                0x0000000000000238       0x20 /usr/lib/gcc/arm-none-eabi/5.4.1/../../../arm-none-eabi/lib/libg.a(lib_a-memset.o)
 .debug_aranges
                0x0000000000000258       0x20 /usr/lib/gcc/arm-none-eabi/5.4.1/../../../arm-none-eabi/lib/libg.a(lib_a-mlock.o)
 .debug_aranges
                0x0000000000000278       0x20 /usr/lib/gcc/arm-none-eabi/5.4.1/../../../arm-none-eabi/lib/libg.a(lib_a-printf.o)
 .debug_aranges
                0x0000000000000298       0x20 /usr/lib/gcc/arm-none-eabi/5.4.1/../../../arm-none-eabi/lib/libg.a(lib_a-puts.o)
 .debug_aranges
                0x00000000000002b8       0x20 /usr/lib/gcc/arm-none-eabi/5.4.1/../../../arm-none-eabi/lib/libg.a(lib_a-sbrkr.o)
 .debug_aranges
                0x00000000000002d8       0x20 /usr/lib/gcc/arm-none-eabi/5.4.1/../../../arm-none-eabi/lib/libg.a(lib_a-strlen-stub.o)
 .debug_aranges
                0x00000000000002f8       0x20 /usr/lib/gcc/arm-none-eabi/5.4.1/../../../arm-none-eabi/lib/libg.a(lib_a-vfprintf.o)
 .debug_aranges
                0x0000000000000318       0x20 /usr/lib/gcc/arm-none-eabi/5.4.1/../../../arm-none-eabi/lib/libg.a(lib_a-wsetup.o)
 .debug_aranges
                0x0000000000000338       0x20 /usr/lib/gcc/arm-none-eabi/5.4.1/../../../arm-none-eabi/lib/libg.a(lib_a-__atexit.o)
 .debug_aranges
                0x0000000000000358       0x28 /usr/lib/gcc/arm-none-eabi/5.4.1/../../../arm-none-eabi/lib/libg.a(lib_a-__call_atexit.o)
 .debug_aranges
                0x0000000000000380       0x20 /usr/lib/gcc/arm-none-eabi/5.4.1/../../../arm-none-eabi/lib/libg.a(lib_a-dtoa.o)
 .debug_aranges
                0x00000000000003a0       0x20 /usr/lib/gcc/arm-none-eabi/5.4.1/../../../arm-none-eabi/lib/libg.a(lib_a-fflush.o)
 .debug_aranges
                0x00000000000003c0       0x20 /usr/lib/gcc/arm-none-eabi/5.4.1/../../../arm-none-eabi/lib/libg.a(lib_a-findfp.o)
 .debug_aranges
                0x00000000000003e0       0x20 /usr/lib/gcc/arm-none-eabi/5.4.1/../../../arm-none-eabi/lib/libg.a(lib_a-freer.o)
 .debug_aranges
                0x0000000000000400       0x20 /usr/lib/gcc/arm-none-eabi/5.4.1/../../../arm-none-eabi/lib/libg.a(lib_a-fvwrite.o)
 .debug_aranges
                0x0000000000000420       0x20 /usr/lib/gcc/arm-none-eabi/5.4.1/../../../arm-none-eabi/lib/libg.a(lib_a-fwalk.o)
 .debug_aranges
                0x0000000000000440       0x20 /usr/lib/gcc/arm-none-eabi/5.4.1/../../../arm-none-eabi/lib/libg.a(lib_a-locale.o)
 .debug_aranges
                0x0000000000000460       0x20 /usr/lib/gcc/arm-none-eabi/5.4.1/../../../arm-none-eabi/lib/libg.a(lib_a-makebuf.o)
 .debug_aranges
                0x0000000000000480       0x20 /usr/lib/gcc/arm-none-eabi/5.4.1/../../../arm-none-eabi/lib/libg.a(lib_a-memchr-stub.o)
 .debug_aranges